---
source: crates/jp_test/src/mock.rs
expression: v
---
[
    [
        Part {
            index: 0,
            event: ConversationEvent {
                timestamp: 2020-01-01 0:00:00.0 +00,
                kind: ChatResponse(
                    Reasoning {
                        reasoning: "This is a simple test message. The user is likely checking whether I'm working or testing my capabilities. I should respond in a friendly, helpful way to confirm that I'm functioning and ready to assist.",
                    },
                ),
                metadata: {
                    "anthropic_thinking_signature": String("EvQCCkYICxgCKkBUOzDfSgVcC/aShJcLfq6lq/mu26rxHBthz9cb6m2Tc/iVF5A/l3ipUuMjuitreUY3jsk+8ahxIiqflllrO9u5EgwtN2cpwS9StK/DkkQaDNFcgB5Yn+XSI755TiIwabB58ApAyR6nZlPqIP6G9YTVap9IbtQWWajoRUYdIHGudhjcoXNjCZtADp1SLkG6KtsBa0k6H5JYz4Mib+as1xZ21NrVndNk3Mg86YM8z++kSHbkaJInEnGkdVh/AiXswO6QIwxzMfrrPhP+tdYDHnUWRZ5Hb8sSUmXtjBzPiSFfCUqx4DpevuCj4cNL+XSUbEJgi2ataYE7P6LLiQacrEo7x97KZiaClq21ZJ3SRDWTW04sfpJ0ugKnBi4m8im18crn5nDRWeoa9HM4Vv4T1fnuDm+rF4ceKS5gzAUfLcQFKQVDLQaFIes2Aquv7kYxGiDDjWSIXns4/2nsv0ymnv714RSWtYACZkm96I+lGAE="),
                    "openrouter_metadata": Array [
                        Object {
                            "index": Number(0),
                            "field": String("anthropic_thinking_signature"),
                        },
                    ],
                },
            },
        },
        Flush {
            index: 0,
            metadata: {},
        },
        Part {
            index: 1,
            event: ConversationEvent {
                timestamp: 2020-01-01 0:00:00.0 +00,
                kind: ChatResponse(
                    Message {
                        message: "Hello! I'm working and ready to help. What would you like to know or discuss?",
                    },
                ),
                metadata: {},
            },
        },
        Flush {
            index: 1,
            metadata: {},
        },
        Finished(
            Completed,
        ),
    ],
]
