---
source: crates/jp_test/src/mock.rs
expression: v
---
[
    [
        Part {
            index: 0,
            event: ConversationEvent {
                timestamp: 2020-01-01 0:00:00.0 +00,
                kind: ChatResponse(
                    Reasoning {
                        reasoning: "This is a simple test message. The user is checking if I'm working and responding. I should provide a friendly, brief response confirming that I'm operational and ready to help.",
                    },
                ),
                metadata: {
                    "anthropic_thinking_signature": String("EtwCCkgIChABGAIqQKx+O97tmqjxYBhgrMwcoGvche703W868FQxuL9tuHSM0AsXC0riLjKMNflyuiXWJQtoFOjqssRvkdO3sX/LcUkSDIuE7GJtjPE1UdMTJBoM2H4J89bzgH7Hi8C+IjAqOzylCBj++flzEI562dMRCtUgn6/DMsb3oicPiN7z8hi+28S7+sYocbUHq8YJxYgqwQHS3swIoOLPpRLhlUQrLwAz/lxl3nDE7cc+yQAVXoEJETxvWvrOdtBjhlmqAuVDzMdQEMthODenHe9wfN0z/WR6KqO1RTef3B6G3GMqeP3NMxoHKfj8Oymwu0qb/LZb3hGB6feC+W3BVGK+gJzHQ2CxK7qDHVjlc1IUAsg+KdZ65fjX1+GPneFSswog4bHB/Ici6rATHKo97Ch0naEn0wR2jl6vsRYDYJYA2Fcn/Rd1l8EEu+8ql28zrLBogzmR7GFPGAE="),
                    "openrouter_metadata": Array [
                        Object {
                            "index": Number(0),
                            "field": String("anthropic_thinking_signature"),
                        },
                    ],
                },
            },
        },
        Flush {
            index: 0,
            metadata: {},
        },
        Part {
            index: 1,
            event: ConversationEvent {
                timestamp: 2020-01-01 0:00:00.0 +00,
                kind: ChatResponse(
                    Message {
                        message: "Hello! I'm working and ready to help. What can I assist you with today?",
                    },
                ),
                metadata: {},
            },
        },
        Flush {
            index: 1,
            metadata: {},
        },
        Finished(
            Completed,
        ),
    ],
]
