---
source: crates/jp_test/src/mock.rs
expression: v
---
[
    [
        Part {
            index: 1,
            event: ConversationEvent {
                timestamp: 2020-01-01 0:00:00.0 +00,
                kind: ChatResponse(
                    Message {
                        message: "Understood! I received your test message.\n\nHow can I help you?",
                    },
                ),
                metadata: {},
            },
        },
        Flush {
            index: 1,
            metadata: {},
        },
        Finished(
            Completed,
        ),
    ],
]
