---
source: crates/jp_test/src/mock.rs
expression: v
---
[
    ModelDetails {
        id: ModelIdConfig {
            provider: Openrouter,
            name: Name(
                "openai/gpt-5-mini",
            ),
        },
        display_name: Some(
            "OpenAI: GPT-5 Mini",
        ),
        context_window: Some(
            400000,
        ),
        max_output_tokens: None,
        reasoning: None,
        knowledge_cutoff: Some(
            2025-08-07,
        ),
        deprecated: None,
        features: [],
    },
]
