---
source: crates/jp_test/src/mock.rs
expression: v
---
[
    [
        Part {
            index: 1,
            part: Message(
                "I",
            ),
            metadata: {},
        },
        Part {
            index: 1,
            part: Message(
                "'ll call both tools in parallel now.",
            ),
            metadata: {},
        },
        Part {
            index: 2,
            part: ToolCall(
                Start {
                    id: "toolu_01TVUg5BitZKezwKEnwpHQby",
                    name: "list_items",
                },
            ),
            metadata: {},
        },
        Part {
            index: 2,
            part: ToolCall(
                ArgumentChunk(
                    "",
                ),
            ),
            metadata: {},
        },
        Part {
            index: 2,
            part: ToolCall(
                ArgumentChunk(
                    "",
                ),
            ),
            metadata: {},
        },
        Part {
            index: 2,
            part: ToolCall(
                ArgumentChunk(
                    "{}",
                ),
            ),
            metadata: {},
        },
        Part {
            index: 3,
            part: ToolCall(
                Start {
                    id: "toolu_01HWdXMAbtonx7U5f8wrXi6e",
                    name: "search_items",
                },
            ),
            metadata: {},
        },
        Part {
            index: 3,
            part: ToolCall(
                ArgumentChunk(
                    "",
                ),
            ),
            metadata: {},
        },
        Part {
            index: 3,
            part: ToolCall(
                ArgumentChunk(
                    "",
                ),
            ),
            metadata: {},
        },
        Part {
            index: 3,
            part: ToolCall(
                ArgumentChunk(
                    "{}",
                ),
            ),
            metadata: {},
        },
        Flush {
            index: 1,
            metadata: {},
        },
        Flush {
            index: 2,
            metadata: {},
        },
        Flush {
            index: 3,
            metadata: {},
        },
        Finished(
            Completed,
        ),
    ],
    [
        Part {
            index: 1,
            part: Message(
                "Both tools have",
            ),
            metadata: {},
        },
        Part {
            index: 1,
            part: Message(
                " been called in parallel and completed successfully:\n\n- **list_items** — completed\n- **search_items** — completed\n\nNeither call returned any item data in its output, just a",
            ),
            metadata: {},
        },
        Part {
            index: 1,
            part: Message(
                " completion status. If you'd like, let me know what specific items or search criteria you're after (or any parameters these tools accept), and I can re-run",
            ),
            metadata: {},
        },
        Part {
            index: 1,
            part: Message(
                " them with the appropriate arguments.",
            ),
            metadata: {},
        },
        Flush {
            index: 1,
            metadata: {},
        },
        Finished(
            Completed,
        ),
    ],
]
