---
source: crates/jp_test/src/mock.rs
expression: v
---
[
    [
        Flushed(
            ConversationEvent {
                timestamp: 2020-01-01 0:00:00.0 +00,
                kind: ChatResponse(
                    Message {
                        message: "1337",
                    },
                ),
                metadata: {
                    "openai_item_id": String("msg_010ae1645b756f90016ab3b82ad9e887d2b0555520d1469e5a"),
                    "openai_phase": String("final_answer"),
                },
            },
        ),
        Finished(
            Completed,
        ),
    ],
]
