---
source: crates/jp_test/src/mock.rs
expression: v
---
[
    [
        Flushed(
            ConversationEvent {
                timestamp: 2020-01-01 0:00:00.0 +00,
                kind: ChatResponse(
                    Message {
                        message: "The fox.",
                    },
                ),
                metadata: {
                    "openai_item_id": String("msg_01cee73fa2db609d016aa1b7a0a18c87d2a1966bf907606cba"),
                    "openai_phase": String("final_answer"),
                },
            },
        ),
        Finished(
            Completed,
        ),
    ],
    [
        Flushed(
            ConversationEvent {
                timestamp: 2020-01-01 0:00:00.0 +00,
                kind: ChatResponse(
                    Message {
                        message: "The dog.",
                    },
                ),
                metadata: {
                    "openai_item_id": String("msg_01cee73fa2db609d016aa1b7a23d4c87d2b71a0007d8d5f339"),
                    "openai_phase": String("final_answer"),
                },
            },
        ),
        Finished(
            Completed,
        ),
    ],
]
