---
source: crates/jp_test/src/mock.rs
expression: v
---
[
    [
        Flushed(
            ConversationEvent {
                timestamp: 2020-01-01 0:00:00.0 +00,
                kind: ToolCallRequest(
                    ToolCallRequest {
                        id: "call_0Xa2C6sLJEqsxC7dYCBvo1v4",
                        name: "run_me",
                        arguments: {
                            "bar": String("foo"),
                            "foo": Null,
                        },
                    },
                ),
                metadata: {},
            },
        ),
        Finished(
            Completed,
        ),
    ],
    [
        Flushed(
            ConversationEvent {
                timestamp: 2020-01-01 0:00:00.0 +00,
                kind: ChatResponse(
                    Message {
                        message: "The tool ran successfully.",
                    },
                ),
                metadata: {
                    "openai_item_id": String("msg_0b04cbf7d3a452d2016ab3b82cf73c87d2a22e504fe3d1593a"),
                    "openai_phase": String("final_answer"),
                },
            },
        ),
        Finished(
            Completed,
        ),
    ],
]
