---
source: crates/jp_test/src/mock.rs
expression: v
---
[
    [
        Part {
            index: 1,
            part: Structured(
                "",
            ),
            metadata: {},
        },
        Part {
            index: 1,
            part: Structured(
                "{\"",
            ),
            metadata: {},
        },
        Part {
            index: 1,
            part: Structured(
                "titles",
            ),
            metadata: {},
        },
        Part {
            index: 1,
            part: Structured(
                "\":[\"",
            ),
            metadata: {},
        },
        Part {
            index: 1,
            part: Structured(
                "Generate",
            ),
            metadata: {},
        },
        Part {
            index: 1,
            part: Structured(
                " a",
            ),
            metadata: {},
        },
        Part {
            index: 1,
            part: Structured(
                " title",
            ),
            metadata: {},
        },
        Part {
            index: 1,
            part: Structured(
                " for",
            ),
            metadata: {},
        },
        Part {
            index: 1,
            part: Structured(
                " this",
            ),
            metadata: {},
        },
        Part {
            index: 1,
            part: Structured(
                " conversation",
            ),
            metadata: {},
        },
        Part {
            index: 1,
            part: Structured(
                "\"]",
            ),
            metadata: {},
        },
        Part {
            index: 1,
            part: Structured(
                "}",
            ),
            metadata: {},
        },
        Flush {
            index: 1,
            metadata: {
                "openai_item_id": String("msg_088c41056f971fe1016a886da6f56887d2980995f33da10a61"),
            },
        },
        Finished(
            Completed,
        ),
    ],
]
