---
source: crates/jp_test/src/mock.rs
expression: v
---
[
    [
        Part {
            index: 0,
            part: Message(
                "",
            ),
            metadata: {},
        },
        Part {
            index: 0,
            part: Message(
                "Apple",
            ),
            metadata: {},
        },
        Flush {
            index: 0,
            metadata: {
                "openai_item_id": String("msg_0059cf825a0a025d016ab3b82aa99087d2a93290a393e40f18"),
                "openai_phase": String("final_answer"),
            },
        },
        Finished(
            Completed,
        ),
    ],
]
