---
source: crates/jp_test/src/mock.rs
expression: v
---
[
    [
        Flushed(
            ConversationEvent {
                timestamp: 2020-01-01 0:00:00.0 +00,
                kind: ToolCallRequest(
                    ToolCallRequest {
                        id: "call_QVPVzLo15uyHKtD1NPj8MGFL",
                        name: "run_me",
                        arguments: {
                            "foo": String("foo"),
                            "bar": String("foo"),
                        },
                    },
                ),
                metadata: {},
            },
        ),
        Finished(
            Completed,
        ),
    ],
    [
        Flushed(
            ConversationEvent {
                timestamp: 2020-01-01 0:00:00.0 +00,
                kind: ChatResponse(
                    Message {
                        message: "Done — I ran the tool with the arguments {\"foo\":\"foo\",\"bar\":\"foo\"} and it returned: \"working!\" Anything else you want me to try with different arguments or do next?",
                    },
                ),
                metadata: {
                    "openai_item_id": String("msg_0af451943fc5782a016a886dafede087d2ad72f5a2559b7abe"),
                },
            },
        ),
        Finished(
            Completed,
        ),
    ],
]
