---
source: crates/jp_test/src/mock.rs
expression: v
---
[
    [
        Flushed(
            ConversationEvent {
                timestamp: 2020-01-01 0:00:00.0 +00,
                kind: ChatResponse(
                    Message {
                        message: "The quick brown fox.",
                    },
                ),
                metadata: {
                    "openai_item_id": String("msg_0b302dc2a6fb7385016ab39a9e88d487d2af79fe707a003201"),
                    "openai_phase": String("final_answer"),
                },
            },
        ),
        Finished(
            Completed,
        ),
    ],
    [
        Flushed(
            ConversationEvent {
                timestamp: 2020-01-01 0:00:00.0 +00,
                kind: ChatResponse(
                    Message {
                        message: "The lazy dog.",
                    },
                ),
                metadata: {
                    "openai_item_id": String("msg_0b302dc2a6fb7385016ab39aa1857087d2b63ce7d881d75921"),
                    "openai_phase": String("final_answer"),
                },
            },
        ),
        Finished(
            Completed,
        ),
    ],
]
