---
source: crates/jp_test/src/mock.rs
expression: v
---
[
    [
        Part {
            index: 0,
            part: Message(
                "",
            ),
            metadata: {},
        },
        Part {
            index: 0,
            part: Message(
                "Apple",
            ),
            metadata: {},
        },
        Flush {
            index: 0,
            metadata: {
                "openai_item_id": String("msg_08552d2bb4d57522016aa1b7a0576487d28f5de97e89915428"),
                "openai_phase": String("final_answer"),
            },
        },
        Finished(
            Completed,
        ),
    ],
]
