---
source: crates/jp_test/src/mock.rs
expression: v
---
[
    [
        Flushed(
            ConversationEvent {
                timestamp: 2020-01-01 0:00:00.0 +00,
                kind: ChatResponse(
                    Message {
                        message: "Test received successfully.",
                    },
                ),
                metadata: {
                    "openai_item_id": String("msg_06a82c06805fdada016aa1b7a09de887d2882c88ab90a64c7c"),
                    "openai_phase": String("final_answer"),
                },
            },
        ),
        Finished(
            Completed,
        ),
    ],
]
