---
source: crates/jp_test/src/mock.rs
expression: v
---
[
    [
        Part {
            index: 0,
            part: ToolCall(
                Start {
                    id: "call_0Xa2C6sLJEqsxC7dYCBvo1v4",
                    name: "run_me",
                },
            ),
            metadata: {},
        },
        Part {
            index: 0,
            part: ToolCall(
                ArgumentChunk(
                    "{\"",
                ),
            ),
            metadata: {},
        },
        Part {
            index: 0,
            part: ToolCall(
                ArgumentChunk(
                    "bar",
                ),
            ),
            metadata: {},
        },
        Part {
            index: 0,
            part: ToolCall(
                ArgumentChunk(
                    "\":\"",
                ),
            ),
            metadata: {},
        },
        Part {
            index: 0,
            part: ToolCall(
                ArgumentChunk(
                    "foo",
                ),
            ),
            metadata: {},
        },
        Part {
            index: 0,
            part: ToolCall(
                ArgumentChunk(
                    "\",\"",
                ),
            ),
            metadata: {},
        },
        Part {
            index: 0,
            part: ToolCall(
                ArgumentChunk(
                    "foo",
                ),
            ),
            metadata: {},
        },
        Part {
            index: 0,
            part: ToolCall(
                ArgumentChunk(
                    "\":",
                ),
            ),
            metadata: {},
        },
        Part {
            index: 0,
            part: ToolCall(
                ArgumentChunk(
                    "null",
                ),
            ),
            metadata: {},
        },
        Part {
            index: 0,
            part: ToolCall(
                ArgumentChunk(
                    "}",
                ),
            ),
            metadata: {},
        },
        Flush {
            index: 0,
            metadata: {},
        },
        Finished(
            Completed,
        ),
    ],
    [
        Part {
            index: 0,
            part: Message(
                "",
            ),
            metadata: {},
        },
        Part {
            index: 0,
            part: Message(
                "The",
            ),
            metadata: {},
        },
        Part {
            index: 0,
            part: Message(
                " tool",
            ),
            metadata: {},
        },
        Part {
            index: 0,
            part: Message(
                " ran",
            ),
            metadata: {},
        },
        Part {
            index: 0,
            part: Message(
                " successfully",
            ),
            metadata: {},
        },
        Part {
            index: 0,
            part: Message(
                ".",
            ),
            metadata: {},
        },
        Flush {
            index: 0,
            metadata: {
                "openai_item_id": String("msg_0b04cbf7d3a452d2016ab3b82cf73c87d2a22e504fe3d1593a"),
                "openai_phase": String("final_answer"),
            },
        },
        Finished(
            Completed,
        ),
    ],
]
