---
source: crates/jp_test/src/mock.rs
expression: v
---
[
    [
        Part {
            index: 1,
            event: ConversationEvent {
                timestamp: 2020-01-01 0:00:00.0 +00,
                kind: ToolCallRequest(
                    ToolCallRequest {
                        id: "call_3f9VdElzz9orDg2VLwzEdqrd",
                        name: "run_me",
                        arguments: {
                            "foo": String("run with this argument"),
                            "bar": String("foo"),
                        },
                    },
                ),
                metadata: {},
            },
        },
        Flush {
            index: 1,
            metadata: {},
        },
        Finished(
            Completed,
        ),
    ],
    [
        Part {
            index: 1,
            event: ConversationEvent {
                timestamp: 2020-01-01 0:00:00.0 +00,
                kind: ChatResponse(
                    Message {
                        message: "I ran the tool with the arguments you provided. Output:\nworking!\n\nIf you want me to run it again with different arguments, tell me what to pass (or say \"choose arguments\" and I'll pick them).",
                    },
                ),
                metadata: {
                    "openai_item_id": String("msg_0f18db31c0e40906016995b6c037f481939ccbf0c43281a76a"),
                },
            },
        },
        Flush {
            index: 1,
            metadata: {},
        },
        Finished(
            Completed,
        ),
    ],
]
