---
source: crates/jp_test/src/mock.rs
expression: v
---
[
    [
        Flushed(
            ConversationEvent {
                timestamp: 2020-01-01 0:00:00.0 +00,
                kind: ToolCallRequest(
                    ToolCallRequest {
                        id: "call_k1aQ5FWRSWz5hRS1bGVOAyQa",
                        name: "run_me",
                        arguments: {
                            "bar": String("foo"),
                        },
                    },
                ),
                metadata: {},
            },
        ),
        Finished(
            Completed,
        ),
    ],
    [
        Flushed(
            ConversationEvent {
                timestamp: 2020-01-01 0:00:00.0 +00,
                kind: ChatResponse(
                    Message {
                        message: "The tool ran successfully.",
                    },
                ),
                metadata: {
                    "openai_item_id": String("msg_00b677a22d07d860016ab3b82b699087d28fb4456675ac85ed"),
                    "openai_phase": String("final_answer"),
                },
            },
        ),
        Finished(
            Completed,
        ),
    ],
]
