---
source: crates/jp_test/src/mock.rs
expression: v
---
[
    [
        Flushed(
            ConversationEvent {
                timestamp: 2020-01-01 0:00:00.0 +00,
                kind: ToolCallRequest(
                    ToolCallRequest {
                        id: "call_9pIO9rxD5iBgHYWii3HGpW8u",
                        name: "run_me",
                        arguments: {
                            "foo": String("provided by assistant"),
                            "bar": String("foo"),
                        },
                    },
                ),
                metadata: {},
            },
        ),
        Finished(
            Completed,
        ),
    ],
    [
        Flushed(
            ConversationEvent {
                timestamp: 2020-01-01 0:00:00.0 +00,
                kind: ChatResponse(
                    Message {
                        message: "Done — I ran the tool with the arguments {\"foo\":\"provided by assistant\",\"bar\":\"foo\"}. The tool responded: \"working!\"",
                    },
                ),
                metadata: {
                    "openai_item_id": String("msg_0ce23bf1c9b94bf0016a886da96be487d28c4c497ad7950d08"),
                },
            },
        ),
        Finished(
            Completed,
        ),
    ],
]
