---
source: crates/jp_test/src/mock.rs
expression: v
---
[
    [
        Part {
            index: 1,
            event: ConversationEvent {
                timestamp: 2020-01-01 0:00:00.0 +00,
                kind: ToolCallRequest(
                    ToolCallRequest {
                        id: "call_3mSe2vH8iaSV26W6gQZM57ZW",
                        name: "run_me",
                        arguments: {
                            "foo": String("run with foo"),
                            "bar": String("foo"),
                        },
                    },
                ),
                metadata: {},
            },
        },
        Flush {
            index: 1,
            metadata: {},
        },
        Finished(
            Completed,
        ),
    ],
    [
        Part {
            index: 1,
            event: ConversationEvent {
                timestamp: 2020-01-01 0:00:00.0 +00,
                kind: ChatResponse(
                    Message {
                        message: "Done — I ran the tool with {\"foo\":\"run with foo\",\"bar\":\"foo\"} and it responded: \"working!\"",
                    },
                ),
                metadata: {
                    "openai_item_id": String("msg_036a6ed1df999103016995b6be41e08192bc609baaf0911a6e"),
                },
            },
        },
        Flush {
            index: 1,
            metadata: {},
        },
        Finished(
            Completed,
        ),
    ],
]
