---
source: crates/jp_test/src/mock.rs
expression: expr
---
Ok(
    Reply {
        provider: Openrouter,
        events: [
            Content(
                "Test message received. How can I assist you today?",
            ),
            Finished(
                Completed,
            ),
        ],
    },
)
