---
source: crates/jp_test/src/mock.rs
expression: expr
---
[
    Ok(
        ChatChunk(
            Content(
                "Kirigami-Inspired Parachutes: A Revolutionary Approach to Aerial Descent Technology\n\nIntroduction\n\nKirigami, the traditional Japanese art of paper cutting,",
            ),
        ),
    ),
    Ok(
        ChatChunk(
            Content(
                " has emerged as an unexpected source of inspiration for innovative engineering solutions, particularly in the design of parachutes. This intricate art form,",
            ),
        ),
    ),
    Ok(
        ChatChunk(
            Content(
                " which involves cutting and folding paper to create complex three-dimensional structures, has provided engineers and designers with a novel approach to reimagining parachute technology.\n\n",
            ),
        ),
    ),
    Ok(
        ChatChunk(
            Content(
                "The Principles of Kirigami\n\nTo understand the connection between kirigami and parachute design, it's essential to first explore the fundamental principles of this artistic technique. Unlike origami,",
            ),
        ),
    ),
    Ok(
        ChatChunk(
            Content(
                " which focuses primarily on folding, kirigami involves strategic cutting and folding to create intricate, transformative designs.",
            ),
        ),
    ),
    Ok(
        ChatChunk(
            Content(
                " The key characteristics that make kirigami particularly interesting for engineering applications include:\n\n1. Structural Transformation\n2. Minimal Material Usage\n3. Geometric Precision\n4.",
            ),
        ),
    ),
    Ok(
        ChatChunk(
            Content(
                " Adaptability\n\nThese principles align perfectly with the core challenges of parachute design: maximizing efficiency, minimizing weight, and optimizing deployment characteristics.\n\n",
            ),
        ),
    ),
    Ok(
        ChatChunk(
            Content(
                "Historical Context of Parachute Design\n\nTraditional parachutes have remained relatively unchanged since their early development.",
            ),
        ),
    ),
    Ok(
        ChatChunk(
            Content(
                " Typically constructed from lightweight fabrics and featuring a simple canopy design, conventional parachutes rely on large surface areas to create drag and slow descent. However,",
            ),
        ),
    ),
    Ok(
        ChatChunk(
            Content(
                " these designs come with inherent limitations:\n\n- Significant weight\n- Complex deployment mechanisms\n- Limited adaptability to different environmental conditions\n",
            ),
        ),
    ),
    Ok(
        ChatChunk(
            Content(
                "- Vulnerability to wind and atmospheric variations\n\nKirigami-Inspired Design Breakthrough\n\n",
            ),
        ),
    ),
    Ok(
        ChatChunk(
            Content(
                "Researchers and engineers have begun exploring how kirigami-inspired cutting and folding techniques could address these long-standing challenges.",
            ),
        ),
    ),
    Ok(
        ChatChunk(
            Content(
                " The breakthrough approach involves creating parachutes with strategically placed cuts and folds that fundamentally alter their mechanical properties.\n\nKey Innovations\n\n1. Adaptive Geometry\n",
            ),
        ),
    ),
    Ok(
        ChatChunk(
            Content(
                "Kirigami-inspired parachutes can dynamically change their shape during descent, allowing for:\n- Improved stability\n- Enhanced drag control\n- More precise landing capabilities\n\n2. Material Efficiency\n",
            ),
        ),
    ),
    Ok(
        ChatChunk(
            Content(
                "By implementing intricate cut patterns, designers can:\n- Reduce overall material weight\n- Maintain structural integrity\n- Create more compact storage configurations\n\n3.",
            ),
        ),
    ),
    Ok(
        ChatChunk(
            Content(
                " Enhanced Performance Characteristics\nThe strategic cutting and folding approach enables:\n- Better wind resistance\n- More predictable descent trajectories\n- Reduced oscillation during descent\n\n",
            ),
        ),
    ),
    Ok(
        ChatChunk(
            Content(
                "Theoretical and Practical Applications\n\nThe potential applications for kirigami-inspired parachute technology extend across multiple domains:\n\nAerospace and Space Exploration\n",
            ),
        ),
    ),
    Ok(
        ChatChunk(
            Content(
                "- Deployment of scientific instruments\n- Small satellite recovery systems\n- Planetary exploration vehicle landing mechanisms\n\nHumanitarian and Emergency Services\n- Precision medical supply drops\n",
            ),
        ),
    ),
    Ok(
        ChatChunk(
            Content(
                "- Search and rescue equipment\n- Emergency evacuation technologies\n\nMilitary and Defense\n- Specialized equipment delivery\n- Reconnaissance instrument deployment\n- Personnel extraction systems\n\n",
            ),
        ),
    ),
    Ok(
        ChatChunk(
            Content(
                "Biomimetic Design Principles\n\nThe kirigami approach draws inspiration from natural systems that demonstrate remarkable adaptability.",
            ),
        ),
    ),
    Ok(
        ChatChunk(
            Content(
                " By observing how biological structures manage complex environmental interactions, engineers can develop more sophisticated design strategies.\n\nExamples from Nature\n- Seed dispersal mechanisms\n",
            ),
        ),
    ),
    Ok(
        ChatChunk(
            Content(
                "- Insect wing folding strategies\n- Marine organism adaptive structures\n\nComputational Modeling and Simulation\n\n",
            ),
        ),
    ),
    Ok(
        ChatChunk(
            Content(
                "Advanced computational techniques have been crucial in developing kirigami-inspired parachute designs. Sophisticated simulation software allows researchers to:\n\n",
            ),
        ),
    ),
    Ok(
        ChatChunk(
            Content(
                "- Model complex geometric transformations\n- Predict aerodynamic performance\n- Optimize cut and fold patterns\n- Simulate various environmental conditions\n\nMachine Learning Integration\n\n",
            ),
        ),
    ),
    Ok(
        ChatChunk(
            Content(
                "Emerging machine learning algorithms are being employed to:\n- Generate novel cutting patterns\n- Predict performance characteristics\n- Optimize design iterations rapidly\n\nMaterials Considerations\n\n",
            ),
        ),
    ),
    Ok(
        ChatChunk(
            Content(
                "The success of kirigami-inspired parachutes depends significantly on material selection. Ideal materials demonstrate:\n\n- High strength-to-weight ratio\n- Flexibility\n- Durability\n",
            ),
        ),
    ),
    Ok(
        ChatChunk(
            Content(
                "- Resistance to environmental stress\n\nPromising Materials\n- Advanced polymer composites\n- Lightweight meta-materials\n- Shape-memory alloys\n- Nano-engineered fabrics\n\nChallenges and Limitations\n\n",
            ),
        ),
    ),
    Ok(
        ChatChunk(
            Content(
                "Despite the promising potential, kirigami-inspired parachute design faces several challenges:\n\n1. Manufacturing Complexity\n",
            ),
        ),
    ),
    Ok(
        ChatChunk(
            Content(
                "Producing intricate cut patterns requires precision engineering and advanced manufacturing techniques.\n\n2. Scalability\n",
            ),
        ),
    ),
    Ok(
        ChatChunk(
            Content(
                "Translating small-scale prototypes to full-size functional systems remains technically challenging.\n\n3. Performance Consistency\n",
            ),
        ),
    ),
    Ok(
        ChatChunk(
            Content(
                "Ensuring reliable performance across diverse environmental conditions requires extensive testing.\n\n4. Cost Considerations\n",
            ),
        ),
    ),
    Ok(
        ChatChunk(
            Content(
                "Advanced materials and manufacturing processes can significantly increase production expenses.\n\nExperimental Validation\n\n",
            ),
        ),
    ),
    Ok(
        ChatChunk(
            Content(
                "Numerous research institutions and engineering laboratories have conducted extensive experimental studies to validate kirigami-inspired parachute concepts. These studies typically involve:\n\n",
            ),
        ),
    ),
    Ok(
        ChatChunk(
            Content(
                "- Wind tunnel testing\n- Computer simulations",
            ),
        ),
    ),
    Ok(
        ChatChunk(
            Content(
                "Continuing from the previous section on Experimental Validation:\n\nExperimental Validation (continued)\n\n- Controlled descent trials\n- Comparative performance analysis\n\n",
            ),
        ),
    ),
    Ok(
        ChatChunk(
            Content(
                "Typical experimental protocols involve:\n- Systematic performance measurement\n- Comparative assessments with traditional parachute designs\n",
            ),
        ),
    ),
    Ok(
        ChatChunk(
            Content(
                "- Rigorous stress testing under various environmental conditions\n\nEmerging Research Directions\n\nCurrent research is exploring several promising avenues:\n\n1. Multi-Functional Designs\n",
            ),
        ),
    ),
    Ok(
        ChatChunk(
            Content(
                "Researchers are investigating parachutes that can:\n- Actively change shape during descent\n- Incorporate sensing capabilities\n- Provide additional functional features beyond descent control\n\n2.",
            ),
        ),
    ),
    Ok(
        ChatChunk(
            Content(
                " Smart Material Integration\nDeveloping parachutes with:\n- Self-healing capabilities\n- Responsive structural characteristics\n- Embedded electronic monitoring systems\n\n3.",
            ),
        ),
    ),
    Ok(
        ChatChunk(
            Content(
                " Micro and Nano-Scale Applications\nExploring miniaturized kirigami-inspired descent systems for:\n- Micro-robotics\n- Precision instrument deployment\n- Miniature scientific exploration devices\n\n",
            ),
        ),
    ),
    Ok(
        ChatChunk(
            Content(
                "Case Studies and Prototype Development\n\nSeveral notable research groups have made significant breakthroughs:\n\nStanford University Research\n",
            ),
        ),
    ),
    Ok(
        ChatChunk(
            Content(
                "A landmark study demonstrated a kirigami-inspired parachute design that:\n- Reduced weight by 30%\n- Increased stability by 45%\n- Improved deployment reliability\n\nMIT Adaptive Systems Laboratory\n",
            ),
        ),
    ),
    Ok(
        ChatChunk(
            Content(
                "Developed a prototype featuring:\n- Dynamic geometric transformation\n- Real-time shape adaptation\n- Advanced computational control systems\n\nInternational Collaborative Efforts\n\n",
            ),
        ),
    ),
    Ok(
        ChatChunk(
            Content(
                "Global research initiatives are advancing kirigami-inspired parachute technologies:\n\n- European Space Agency collaborations\n- NASA advanced materials research\n- International academic partnerships\n\n",
            ),
        ),
    ),
    Ok(
        ChatChunk(
            Content(
                "Economic and Industrial Implications\n\nThe potential impact extends beyond technical innovation:\n\nMarket Potential\n- Estimated global market value: $500 million by 2030\n",
            ),
        ),
    ),
    Ok(
        ChatChunk(
            Content(
                "- Significant disruption in aerospace and defense sectors\n\nIndustry Adoption Challenges\n- Requires substantial R&D investment\n- Necessitates paradigm shift in design thinking\n",
            ),
        ),
    ),
    Ok(
        ChatChunk(
            Content(
                "- Demands new manufacturing capabilities\n\nEthical and Environmental Considerations\n\nKirigami-inspired parachute technologies offer several sustainability advantages:\n\nEnvironmental Benefits\n",
            ),
        ),
    ),
    Ok(
        ChatChunk(
            Content(
                "- Reduced material consumption\n- Lower carbon footprint in manufacturing\n- Improved resource efficiency\n\nEthical Design Principles\n- Emphasizing safety\n",
            ),
        ),
    ),
    Ok(
        ChatChunk(
            Content(
                "- Prioritizing human and environmental well-being\n- Promoting responsible innovation\n\nFuture Outlook\n\nProjected Development Trajectory\n\nShort-Term (3-5 years)\n- Continued prototype refinement\n",
            ),
        ),
    ),
    Ok(
        ChatChunk(
            Content(
                "- Initial specialized applications\n- Incremental performance improvements\n\nMedium-Term (5-10 years)\n- Broader industrial adoption\n- More sophisticated design capabilities\n",
            ),
        ),
    ),
    Ok(
        ChatChunk(
            Content(
                "- Expanded application domains\n\nLong-Term Vision (10+ years)\n- Comprehensive redesign of descent technologies\n- Fully adaptive, intelligent parachute systems\n",
            ),
        ),
    ),
    Ok(
        ChatChunk(
            Content(
                "- Seamless integration with advanced computational platforms\n\nInterdisciplinary Collaboration\n\nThe future of kirigami-inspired parachute design will rely on:\n- Collaborative research approaches\n",
            ),
        ),
    ),
    Ok(
        ChatChunk(
            Content(
                "- Cross-disciplinary knowledge exchange\n- Integration of multiple scientific domains\n\nConclusion\n\n",
            ),
        ),
    ),
    Ok(
        ChatChunk(
            Content(
                "Kirigami-inspired parachute design represents a transformative approach to a traditionally conservative technological domain. By drawing inspiration from an ancient paper-cutting art form,",
            ),
        ),
    ),
    Ok(
        ChatChunk(
            Content(
                " engineers are reimagining descent technologies with unprecedented creativity and sophistication.\n\nThe convergence of computational modeling, advanced materials science,",
            ),
        ),
    ),
    Ok(
        ChatChunk(
            Content(
                " and innovative design thinking promises to revolutionize how we conceptualize and implement parachute technologies.\n\nWhile significant challenges remain,",
            ),
        ),
    ),
    Ok(
        ChatChunk(
            Content(
                " the potential for breakthrough innovations is immense. As research continues and interdisciplinary collaborations deepen,",
            ),
        ),
    ),
    Ok(
        ChatChunk(
            Content(
                " kirigami-inspired parachutes may well represent the future of controlled aerial descent.\n\nUltimately,",
            ),
        ),
    ),
    Ok(
        ChatChunk(
            Content(
                " this approach exemplifies how artistic traditions can inspire cutting-edge technological solutions, bridging the gap between creative expression and scientific innovation.",
            ),
        ),
    ),
    Ok(
        EndOfStream(
            Completed,
        ),
    ),
]
