---
source: crates/jp_test/src/mock.rs
expression: expr
---
Ok(
    Reply {
        provider: Llamacpp,
        events: [
            Content(
                "Hello! This is a test message from Qwen, the large language model created by Alibaba Cloud. How can I assist you today?",
            ),
        ],
    },
)
