---
source: crates/jp_test/src/mock.rs
expression: expr
---
Ok(
    Reply(
        [
            Content(
                "This is an automated response from the AI. You sent a test message, and I'm here to acknowledge it! If you have any questions or need assistance with anything, feel free to ask.",
            ),
        ],
    ),
)
