---
source: crates/jp_test/src/mock.rs
expression: expr
---
[
    Ok(
        ChatChunk(
            Content(
                "It seems like you're just sending a test message! That's perfectly fine. I'm here to listen and respond, so feel free to send me any questions or topics you'd like to discuss. What's on your mind?",
            ),
        ),
    ),
    Ok(
        EndOfStream(
            Completed,
        ),
    ),
]
