---
source: crates/jp_test/src/mock.rs
expression: expr
---
Ok(
    Reply {
        provider: Openai,
        events: [
            Reasoning(
                "",
            ),
            Content(
                "Test message received. How can I assist you today?",
            ),
        ],
    },
)
