---
source: crates/jp_test/src/mock.rs
expression: expr
---
Ok(
    [
        Content(
            "It looks like you're just sending a test message! That's perfectly fine. If you're ready to start our conversation, I'm here to chat and help with any questions or topics you'd like to discuss. What's on your mind?",
        ),
    ],
)
