---
source: crates/jp_test/src/mock.rs
expression: v
---
[
    [
        Part {
            index: 0,
            event: ConversationEvent {
                timestamp: 2020-01-01 0:00:00.0 +00,
                kind: ChatResponse(
                    Reasoning {
                        reasoning: "Okay, the user is asking me to run a tool with whatever arguments I want. Let me check the tools provided. The tools section has a function named run_me with no parameters. Since there are no arguments specified, I just need to call that function without any parameters. I'll make sure to structure the tool call correctly in JSON within the specified XML tags.\n",
                    },
                ),
                metadata: {},
            },
        },
        Flush {
            index: 0,
            metadata: {},
        },
        Part {
            index: 2,
            event: ConversationEvent {
                timestamp: 2020-01-01 0:00:00.0 +00,
                kind: ToolCallRequest(
                    ToolCallRequest {
                        id: "",
                        name: "run_me",
                        arguments: {},
                    },
                ),
                metadata: {},
            },
        },
        Flush {
            index: 2,
            metadata: {},
        },
        Finished(
            Completed,
        ),
    ],
    [
        Part {
            index: 0,
            event: ConversationEvent {
                timestamp: 2020-01-01 0:00:00.0 +00,
                kind: ChatResponse(
                    Reasoning {
                        reasoning: "Okay, the user asked me to run a tool with whatever arguments I wanted. I checked the tools provided and saw that there's a function called run_me with no parameters. So, I just need to call that function without any arguments. Let me make sure I format the tool call correctly in JSON within the XML tags. The response from the tool was \"working!\", so I should let the user know it's done and mention the response. Alright, that should cover it.\n",
                    },
                ),
                metadata: {},
            },
        },
        Flush {
            index: 0,
            metadata: {},
        },
        Part {
            index: 1,
            event: ConversationEvent {
                timestamp: 2020-01-01 0:00:00.0 +00,
                kind: ChatResponse(
                    Message {
                        message: "The tool has been executed successfully. The response from the tool is: \"working!\"",
                    },
                ),
                metadata: {},
            },
        },
        Flush {
            index: 1,
            metadata: {},
        },
        Finished(
            Completed,
        ),
    ],
]
