---
source: crates/jp_test/src/mock.rs
expression: v
---
[
    [
        Part {
            index: 0,
            event: ConversationEvent {
                timestamp: 2020-01-01 0:00:00.0 +00,
                kind: ChatResponse(
                    Reasoning {
                        reasoning: "Okay, the user is asking me to run a tool with whatever arguments I want. Let me check the tools provided. The tools section has a function with the name \"run_me\" and no parameters. Since there are no arguments specified, I can call that function without any arguments. I just need to make sure to use the correct JSON structure for the tool call. Let me format that properly.\n",
                    },
                ),
                metadata: {},
            },
        },
        Flush {
            index: 0,
            metadata: {},
        },
        Part {
            index: 2,
            event: ConversationEvent {
                timestamp: 2020-01-01 0:00:00.0 +00,
                kind: ToolCallRequest(
                    ToolCallRequest {
                        id: "",
                        name: "run_me",
                        arguments: {},
                    },
                ),
                metadata: {},
            },
        },
        Flush {
            index: 2,
            metadata: {},
        },
        Finished(
            Completed,
        ),
    ],
    [
        Part {
            index: 0,
            event: ConversationEvent {
                timestamp: 2020-01-01 0:00:00.0 +00,
                kind: ChatResponse(
                    Reasoning {
                        reasoning: "Okay, the user asked me to run a tool with whatever arguments I want. Let me check the tools provided. The tools section has a function called \"run_me\" with no parameters. So, I can call that function without any arguments. I need to make sure the tool call is formatted correctly in JSON. Let me structure the response with the tool name and an empty arguments object. That should work.\n",
                    },
                ),
                metadata: {},
            },
        },
        Flush {
            index: 0,
            metadata: {},
        },
        Part {
            index: 1,
            event: ConversationEvent {
                timestamp: 2020-01-01 0:00:00.0 +00,
                kind: ChatResponse(
                    Message {
                        message: "```json\n{\n  \"tool\": \"run_me\",\n  \"arguments\": {}\n}\n```",
                    },
                ),
                metadata: {},
            },
        },
        Flush {
            index: 1,
            metadata: {},
        },
        Finished(
            Completed,
        ),
    ],
]
