---
source: crates/jp_test/src/mock.rs
expression: v
---
[
    [
        Part {
            index: 2,
            event: ConversationEvent {
                timestamp: 2020-01-01 0:00:00.0 +00,
                kind: ToolCallRequest(
                    ToolCallRequest {
                        id: "",
                        name: "run_me",
                        arguments: {
                            "command": String("ls -la /home"),
                        },
                    },
                ),
                metadata: {},
            },
        },
        Flush {
            index: 2,
            metadata: {},
        },
        Finished(
            Completed,
        ),
    ],
    [
        Part {
            index: 1,
            event: ConversationEvent {
                timestamp: 2020-01-01 0:00:00.0 +00,
                kind: ChatResponse(
                    Message {
                        message: "The command has executed successfully. Would you like to try a different command or have me run something else? 😊",
                    },
                ),
                metadata: {},
            },
        },
        Flush {
            index: 1,
            metadata: {},
        },
        Finished(
            Completed,
        ),
    ],
]
