---
source: crates/jp_test/src/mock.rs
expression: v
---
[
    [
        Part {
            index: 0,
            event: ConversationEvent {
                timestamp: 2020-01-01 0:00:00.0 +00,
                kind: ChatResponse(
                    Reasoning {
                        reasoning: "Okay, the user sent \"Test message\". This seems like a straightforward test to see if I'm responding properly.\n\nLet me check if there are any errors in my setup. Since I'm an AI model, maybe they want to confirm functionality.\n\nI should respond clearly that I received their message and offer assistance. Keep it friendly and helpful.\n\nMake sure not to include any technical details or overcomplicate the reply. Just a simple acknowledgment and offer help.",
                    },
                ),
                metadata: {},
            },
        },
        Flush {
            index: 0,
            metadata: {},
        },
        Part {
            index: 1,
            event: ConversationEvent {
                timestamp: 2020-01-01 0:00:00.0 +00,
                kind: ChatResponse(
                    Message {
                        message: "Hello! 👋 Your test message has been received successfully.  \n\nHow can I assist you today? Feel free to ask questions, request information, or need help with anything specific! 😊",
                    },
                ),
                metadata: {},
            },
        },
        Flush {
            index: 1,
            metadata: {},
        },
        Finished(
            Completed,
        ),
    ],
]
