---
source: crates/jp_test/src/mock.rs
expression: v
---
[
    [
        Flush {
            index: 0,
            metadata: {},
        },
        Part {
            index: 1,
            part: Structured(
                "Conversation",
            ),
            metadata: {},
        },
        Part {
            index: 1,
            part: Structured(
                ":",
            ),
            metadata: {},
        },
        Part {
            index: 1,
            part: Structured(
                " Request",
            ),
            metadata: {},
        },
        Part {
            index: 1,
            part: Structured(
                "ing",
            ),
            metadata: {},
        },
        Part {
            index: 1,
            part: Structured(
                " a",
            ),
            metadata: {},
        },
        Part {
            index: 1,
            part: Structured(
                " Title",
            ),
            metadata: {},
        },
        Part {
            index: 1,
            part: Structured(
                " Generation",
            ),
            metadata: {},
        },
        Flush {
            index: 1,
            metadata: {},
        },
        Finished(
            Completed,
        ),
    ],
]
