---
source: crates/jp_test/src/mock.rs
expression: v
---
[
    [
        Flush {
            index: 0,
            metadata: {},
        },
        Part {
            index: 2,
            part: ToolCall(
                Start {
                    id: "run_me_2",
                    name: "run_me",
                },
            ),
            metadata: {},
        },
        Part {
            index: 2,
            part: ToolCall(
                ArgumentChunk(
                    "{\"bar\":[\"foo\",\"bar\"],\"foo\":\"hello world\"}",
                ),
            ),
            metadata: {},
        },
        Flush {
            index: 2,
            metadata: {},
        },
        Flush {
            index: 1,
            metadata: {},
        },
        Finished(
            Completed,
        ),
    ],
    [
        Flush {
            index: 0,
            metadata: {},
        },
        Part {
            index: 1,
            part: Message(
                "The",
            ),
            metadata: {},
        },
        Part {
            index: 1,
            part: Message(
                " tool",
            ),
            metadata: {},
        },
        Part {
            index: 1,
            part: Message(
                " ran",
            ),
            metadata: {},
        },
        Part {
            index: 1,
            part: Message(
                " successfully",
            ),
            metadata: {},
        },
        Part {
            index: 1,
            part: Message(
                " and",
            ),
            metadata: {},
        },
        Part {
            index: 1,
            part: Message(
                " returned",
            ),
            metadata: {},
        },
        Part {
            index: 1,
            part: Message(
                ":",
            ),
            metadata: {},
        },
        Part {
            index: 1,
            part: Message(
                " `",
            ),
            metadata: {},
        },
        Part {
            index: 1,
            part: Message(
                "working",
            ),
            metadata: {},
        },
        Part {
            index: 1,
            part: Message(
                "!",
            ),
            metadata: {},
        },
        Part {
            index: 1,
            part: Message(
                "`.",
            ),
            metadata: {},
        },
        Part {
            index: 1,
            part: Message(
                " Is",
            ),
            metadata: {},
        },
        Part {
            index: 1,
            part: Message(
                " there",
            ),
            metadata: {},
        },
        Part {
            index: 1,
            part: Message(
                " anything",
            ),
            metadata: {},
        },
        Part {
            index: 1,
            part: Message(
                " else",
            ),
            metadata: {},
        },
        Part {
            index: 1,
            part: Message(
                " you",
            ),
            metadata: {},
        },
        Part {
            index: 1,
            part: Message(
                " would",
            ),
            metadata: {},
        },
        Part {
            index: 1,
            part: Message(
                " like",
            ),
            metadata: {},
        },
        Part {
            index: 1,
            part: Message(
                " to",
            ),
            metadata: {},
        },
        Part {
            index: 1,
            part: Message(
                " try",
            ),
            metadata: {},
        },
        Part {
            index: 1,
            part: Message(
                "?",
            ),
            metadata: {},
        },
        Part {
            index: 1,
            part: Message(
                " 😊",
            ),
            metadata: {},
        },
        Flush {
            index: 1,
            metadata: {},
        },
        Finished(
            Completed,
        ),
    ],
]
