---
source: crates/jp_test/src/mock.rs
expression: v
---
[
    [
        Flush {
            index: 0,
            metadata: {},
        },
        Part {
            index: 2,
            part: ToolCall(
                Start {
                    id: "run_me_2",
                    name: "run_me",
                },
            ),
            metadata: {},
        },
        Part {
            index: 2,
            part: ToolCall(
                ArgumentChunk(
                    "{}",
                ),
            ),
            metadata: {},
        },
        Flush {
            index: 2,
            metadata: {},
        },
        Flush {
            index: 1,
            metadata: {},
        },
        Finished(
            Completed,
        ),
    ],
    [
        Flush {
            index: 0,
            metadata: {},
        },
        Part {
            index: 1,
            part: Message(
                "It",
            ),
            metadata: {},
        },
        Part {
            index: 1,
            part: Message(
                " looks",
            ),
            metadata: {},
        },
        Part {
            index: 1,
            part: Message(
                " like",
            ),
            metadata: {},
        },
        Part {
            index: 1,
            part: Message(
                " the",
            ),
            metadata: {},
        },
        Part {
            index: 1,
            part: Message(
                " tool",
            ),
            metadata: {},
        },
        Part {
            index: 1,
            part: Message(
                " executed",
            ),
            metadata: {},
        },
        Part {
            index: 1,
            part: Message(
                " successfully",
            ),
            metadata: {},
        },
        Part {
            index: 1,
            part: Message(
                " and",
            ),
            metadata: {},
        },
        Part {
            index: 1,
            part: Message(
                " returned",
            ),
            metadata: {},
        },
        Part {
            index: 1,
            part: Message(
                " `",
            ),
            metadata: {},
        },
        Part {
            index: 1,
            part: Message(
                "working",
            ),
            metadata: {},
        },
        Part {
            index: 1,
            part: Message(
                "!",
            ),
            metadata: {},
        },
        Part {
            index: 1,
            part: Message(
                "`.",
            ),
            metadata: {},
        },
        Part {
            index: 1,
            part: Message(
                " Since",
            ),
            metadata: {},
        },
        Part {
            index: 1,
            part: Message(
                " I",
            ),
            metadata: {},
        },
        Part {
            index: 1,
            part: Message(
                " wasn",
            ),
            metadata: {},
        },
        Part {
            index: 1,
            part: Message(
                "'t",
            ),
            metadata: {},
        },
        Part {
            index: 1,
            part: Message(
                " able",
            ),
            metadata: {},
        },
        Part {
            index: 1,
            part: Message(
                " to",
            ),
            metadata: {},
        },
        Part {
            index: 1,
            part: Message(
                " see",
            ),
            metadata: {},
        },
        Part {
            index: 1,
            part: Message(
                " the",
            ),
            metadata: {},
        },
        Part {
            index: 1,
            part: Message(
                " specific",
            ),
            metadata: {},
        },
        Part {
            index: 1,
            part: Message(
                " output",
            ),
            metadata: {},
        },
        Part {
            index: 1,
            part: Message(
                " of",
            ),
            metadata: {},
        },
        Part {
            index: 1,
            part: Message(
                " the",
            ),
            metadata: {},
        },
        Part {
            index: 1,
            part: Message(
                " tool",
            ),
            metadata: {},
        },
        Part {
            index: 1,
            part: Message(
                ",",
            ),
            metadata: {},
        },
        Part {
            index: 1,
            part: Message(
                " could",
            ),
            metadata: {},
        },
        Part {
            index: 1,
            part: Message(
                " you",
            ),
            metadata: {},
        },
        Part {
            index: 1,
            part: Message(
                " provide",
            ),
            metadata: {},
        },
        Part {
            index: 1,
            part: Message(
                " more",
            ),
            metadata: {},
        },
        Part {
            index: 1,
            part: Message(
                " details",
            ),
            metadata: {},
        },
        Part {
            index: 1,
            part: Message(
                " or",
            ),
            metadata: {},
        },
        Part {
            index: 1,
            part: Message(
                " let",
            ),
            metadata: {},
        },
        Part {
            index: 1,
            part: Message(
                " me",
            ),
            metadata: {},
        },
        Part {
            index: 1,
            part: Message(
                " know",
            ),
            metadata: {},
        },
        Part {
            index: 1,
            part: Message(
                " what",
            ),
            metadata: {},
        },
        Part {
            index: 1,
            part: Message(
                " kind",
            ),
            metadata: {},
        },
        Part {
            index: 1,
            part: Message(
                " of",
            ),
            metadata: {},
        },
        Part {
            index: 1,
            part: Message(
                " task",
            ),
            metadata: {},
        },
        Part {
            index: 1,
            part: Message(
                " you",
            ),
            metadata: {},
        },
        Part {
            index: 1,
            part: Message(
                "'d",
            ),
            metadata: {},
        },
        Part {
            index: 1,
            part: Message(
                " like",
            ),
            metadata: {},
        },
        Part {
            index: 1,
            part: Message(
                " it",
            ),
            metadata: {},
        },
        Part {
            index: 1,
            part: Message(
                " to",
            ),
            metadata: {},
        },
        Part {
            index: 1,
            part: Message(
                " perform",
            ),
            metadata: {},
        },
        Part {
            index: 1,
            part: Message(
                "?",
            ),
            metadata: {},
        },
        Part {
            index: 1,
            part: Message(
                " For",
            ),
            metadata: {},
        },
        Part {
            index: 1,
            part: Message(
                " example",
            ),
            metadata: {},
        },
        Part {
            index: 1,
            part: Message(
                ",",
            ),
            metadata: {},
        },
        Part {
            index: 1,
            part: Message(
                " if",
            ),
            metadata: {},
        },
        Part {
            index: 1,
            part: Message(
                " you",
            ),
            metadata: {},
        },
        Part {
            index: 1,
            part: Message(
                " want",
            ),
            metadata: {},
        },
        Part {
            index: 1,
            part: Message(
                " to",
            ),
            metadata: {},
        },
        Part {
            index: 1,
            part: Message(
                " run",
            ),
            metadata: {},
        },
        Part {
            index: 1,
            part: Message(
                " a",
            ),
            metadata: {},
        },
        Part {
            index: 1,
            part: Message(
                " mathematical",
            ),
            metadata: {},
        },
        Part {
            index: 1,
            part: Message(
                " calculation",
            ),
            metadata: {},
        },
        Part {
            index: 1,
            part: Message(
                ",",
            ),
            metadata: {},
        },
        Part {
            index: 1,
            part: Message(
                " analyze",
            ),
            metadata: {},
        },
        Part {
            index: 1,
            part: Message(
                " data",
            ),
            metadata: {},
        },
        Part {
            index: 1,
            part: Message(
                ",",
            ),
            metadata: {},
        },
        Part {
            index: 1,
            part: Message(
                " or",
            ),
            metadata: {},
        },
        Part {
            index: 1,
            part: Message(
                " interact",
            ),
            metadata: {},
        },
        Part {
            index: 1,
            part: Message(
                " with",
            ),
            metadata: {},
        },
        Part {
            index: 1,
            part: Message(
                " an",
            ),
            metadata: {},
        },
        Part {
            index: 1,
            part: Message(
                " API",
            ),
            metadata: {},
        },
        Part {
            index: 1,
            part: Message(
                ",",
            ),
            metadata: {},
        },
        Part {
            index: 1,
            part: Message(
                " please",
            ),
            metadata: {},
        },
        Part {
            index: 1,
            part: Message(
                " specify",
            ),
            metadata: {},
        },
        Part {
            index: 1,
            part: Message(
                " the",
            ),
            metadata: {},
        },
        Part {
            index: 1,
            part: Message(
                " arguments",
            ),
            metadata: {},
        },
        Part {
            index: 1,
            part: Message(
                " or",
            ),
            metadata: {},
        },
        Part {
            index: 1,
            part: Message(
                " context",
            ),
            metadata: {},
        },
        Part {
            index: 1,
            part: Message(
                " you",
            ),
            metadata: {},
        },
        Part {
            index: 1,
            part: Message(
                " need",
            ),
            metadata: {},
        },
        Part {
            index: 1,
            part: Message(
                ".",
            ),
            metadata: {},
        },
        Flush {
            index: 1,
            metadata: {},
        },
        Finished(
            Completed,
        ),
    ],
]
