---
source: crates/jp_test/src/mock.rs
expression: v
---
[
    [
        Flush {
            index: 0,
            metadata: {},
        },
        Part {
            index: 1,
            part: Structured(
                "Here",
            ),
            metadata: {},
        },
        Part {
            index: 1,
            part: Structured(
                " are",
            ),
            metadata: {},
        },
        Part {
            index: 1,
            part: Structured(
                " a",
            ),
            metadata: {},
        },
        Part {
            index: 1,
            part: Structured(
                " few",
            ),
            metadata: {},
        },
        Part {
            index: 1,
            part: Structured(
                " suitable",
            ),
            metadata: {},
        },
        Part {
            index: 1,
            part: Structured(
                " titles",
            ),
            metadata: {},
        },
        Part {
            index: 1,
            part: Structured(
                ",",
            ),
            metadata: {},
        },
        Part {
            index: 1,
            part: Structured(
                " depending",
            ),
            metadata: {},
        },
        Part {
            index: 1,
            part: Structured(
                " on",
            ),
            metadata: {},
        },
        Part {
            index: 1,
            part: Structured(
                " the",
            ),
            metadata: {},
        },
        Part {
            index: 1,
            part: Structured(
                " context",
            ),
            metadata: {},
        },
        Part {
            index: 1,
            part: Structured(
                " of",
            ),
            metadata: {},
        },
        Part {
            index: 1,
            part: Structured(
                " our",
            ),
            metadata: {},
        },
        Part {
            index: 1,
            part: Structured(
                " interaction",
            ),
            metadata: {},
        },
        Part {
            index: 1,
            part: Structured(
                ":",
            ),
            metadata: {},
        },
        Part {
            index: 1,
            part: Structured(
                "\n\n1",
            ),
            metadata: {},
        },
        Part {
            index: 1,
            part: Structured(
                ".",
            ),
            metadata: {},
        },
        Part {
            index: 1,
            part: Structured(
                "  **",
            ),
            metadata: {},
        },
        Part {
            index: 1,
            part: Structured(
                "Getting",
            ),
            metadata: {},
        },
        Part {
            index: 1,
            part: Structured(
                " Started",
            ),
            metadata: {},
        },
        Part {
            index: 1,
            part: Structured(
                "**",
            ),
            metadata: {},
        },
        Part {
            index: 1,
            part: Structured(
                " (",
            ),
            metadata: {},
        },
        Part {
            index: 1,
            part: Structured(
                "Simple",
            ),
            metadata: {},
        },
        Part {
            index: 1,
            part: Structured(
                " and",
            ),
            metadata: {},
        },
        Part {
            index: 1,
            part: Structured(
                " direct",
            ),
            metadata: {},
        },
        Part {
            index: 1,
            part: Structured(
                ")",
            ),
            metadata: {},
        },
        Part {
            index: 1,
            part: Structured(
                "\n2",
            ),
            metadata: {},
        },
        Part {
            index: 1,
            part: Structured(
                ".",
            ),
            metadata: {},
        },
        Part {
            index: 1,
            part: Structured(
                "  **",
            ),
            metadata: {},
        },
        Part {
            index: 1,
            part: Structured(
                "Introduction",
            ),
            metadata: {},
        },
        Part {
            index: 1,
            part: Structured(
                " to",
            ),
            metadata: {},
        },
        Part {
            index: 1,
            part: Structured(
                " Our",
            ),
            metadata: {},
        },
        Part {
            index: 1,
            part: Structured(
                " Chat",
            ),
            metadata: {},
        },
        Part {
            index: 1,
            part: Structured(
                "**",
            ),
            metadata: {},
        },
        Part {
            index: 1,
            part: Structured(
                " (",
            ),
            metadata: {},
        },
        Part {
            index: 1,
            part: Structured(
                "Friendly",
            ),
            metadata: {},
        },
        Part {
            index: 1,
            part: Structured(
                " approach",
            ),
            metadata: {},
        },
        Part {
            index: 1,
            part: Structured(
                ")",
            ),
            metadata: {},
        },
        Part {
            index: 1,
            part: Structured(
                "\n3",
            ),
            metadata: {},
        },
        Part {
            index: 1,
            part: Structured(
                ".",
            ),
            metadata: {},
        },
        Part {
            index: 1,
            part: Structured(
                "  **",
            ),
            metadata: {},
        },
        Part {
            index: 1,
            part: Structured(
                "First",
            ),
            metadata: {},
        },
        Part {
            index: 1,
            part: Structured(
                " Steps",
            ),
            metadata: {},
        },
        Part {
            index: 1,
            part: Structured(
                " Together",
            ),
            metadata: {},
        },
        Part {
            index: 1,
            part: Structured(
                "**",
            ),
            metadata: {},
        },
        Part {
            index: 1,
            part: Structured(
                " (",
            ),
            metadata: {},
        },
        Part {
            index: 1,
            part: Structured(
                "Coll",
            ),
            metadata: {},
        },
        Part {
            index: 1,
            part: Structured(
                "abor",
            ),
            metadata: {},
        },
        Part {
            index: 1,
            part: Structured(
                "ative",
            ),
            metadata: {},
        },
        Part {
            index: 1,
            part: Structured(
                " tone",
            ),
            metadata: {},
        },
        Part {
            index: 1,
            part: Structured(
                ")",
            ),
            metadata: {},
        },
        Part {
            index: 1,
            part: Structured(
                "\n4",
            ),
            metadata: {},
        },
        Part {
            index: 1,
            part: Structured(
                ".",
            ),
            metadata: {},
        },
        Part {
            index: 1,
            part: Structured(
                "  **",
            ),
            metadata: {},
        },
        Part {
            index: 1,
            part: Structured(
                "Expl",
            ),
            metadata: {},
        },
        Part {
            index: 1,
            part: Structured(
                "oring",
            ),
            metadata: {},
        },
        Part {
            index: 1,
            part: Structured(
                " Topics",
            ),
            metadata: {},
        },
        Part {
            index: 1,
            part: Structured(
                " with",
            ),
            metadata: {},
        },
        Part {
            index: 1,
            part: Structured(
                " You",
            ),
            metadata: {},
        },
        Part {
            index: 1,
            part: Structured(
                "**",
            ),
            metadata: {},
        },
        Part {
            index: 1,
            part: Structured(
                " (",
            ),
            metadata: {},
        },
        Part {
            index: 1,
            part: Structured(
                "Inv",
            ),
            metadata: {},
        },
        Part {
            index: 1,
            part: Structured(
                "iting",
            ),
            metadata: {},
        },
        Part {
            index: 1,
            part: Structured(
                " exploration",
            ),
            metadata: {},
        },
        Part {
            index: 1,
            part: Structured(
                ")",
            ),
            metadata: {},
        },
        Part {
            index: 1,
            part: Structured(
                "\n5",
            ),
            metadata: {},
        },
        Part {
            index: 1,
            part: Structured(
                ".",
            ),
            metadata: {},
        },
        Part {
            index: 1,
            part: Structured(
                "  **",
            ),
            metadata: {},
        },
        Part {
            index: 1,
            part: Structured(
                "Hello",
            ),
            metadata: {},
        },
        Part {
            index: 1,
            part: Structured(
                ",",
            ),
            metadata: {},
        },
        Part {
            index: 1,
            part: Structured(
                " I",
            ),
            metadata: {},
        },
        Part {
            index: 1,
            part: Structured(
                "'m",
            ),
            metadata: {},
        },
        Part {
            index: 1,
            part: Structured(
                " Ready",
            ),
            metadata: {},
        },
        Part {
            index: 1,
            part: Structured(
                " for",
            ),
            metadata: {},
        },
        Part {
            index: 1,
            part: Structured(
                " Questions",
            ),
            metadata: {},
        },
        Part {
            index: 1,
            part: Structured(
                "!**",
            ),
            metadata: {},
        },
        Part {
            index: 1,
            part: Structured(
                " (",
            ),
            metadata: {},
        },
        Part {
            index: 1,
            part: Structured(
                "Action",
            ),
            metadata: {},
        },
        Part {
            index: 1,
            part: Structured(
                "-oriented",
            ),
            metadata: {},
        },
        Part {
            index: 1,
            part: Structured(
                ")",
            ),
            metadata: {},
        },
        Part {
            index: 1,
            part: Structured(
                "\n\nLet",
            ),
            metadata: {},
        },
        Part {
            index: 1,
            part: Structured(
                " me",
            ),
            metadata: {},
        },
        Part {
            index: 1,
            part: Structured(
                " know",
            ),
            metadata: {},
        },
        Part {
            index: 1,
            part: Structured(
                " if",
            ),
            metadata: {},
        },
        Part {
            index: 1,
            part: Structured(
                " you",
            ),
            metadata: {},
        },
        Part {
            index: 1,
            part: Structured(
                "'d",
            ),
            metadata: {},
        },
        Part {
            index: 1,
            part: Structured(
                " like",
            ),
            metadata: {},
        },
        Part {
            index: 1,
            part: Structured(
                " something",
            ),
            metadata: {},
        },
        Part {
            index: 1,
            part: Structured(
                " more",
            ),
            metadata: {},
        },
        Part {
            index: 1,
            part: Structured(
                " creative",
            ),
            metadata: {},
        },
        Part {
            index: 1,
            part: Structured(
                " or",
            ),
            metadata: {},
        },
        Part {
            index: 1,
            part: Structured(
                " tailored",
            ),
            metadata: {},
        },
        Part {
            index: 1,
            part: Structured(
                " to",
            ),
            metadata: {},
        },
        Part {
            index: 1,
            part: Structured(
                " a",
            ),
            metadata: {},
        },
        Part {
            index: 1,
            part: Structured(
                " specific",
            ),
            metadata: {},
        },
        Part {
            index: 1,
            part: Structured(
                " theme",
            ),
            metadata: {},
        },
        Part {
            index: 1,
            part: Structured(
                "!",
            ),
            metadata: {},
        },
        Flush {
            index: 1,
            metadata: {},
        },
        Finished(
            Completed,
        ),
    ],
]
