---
source: crates/jp_test/src/mock.rs
expression: v
---
[
    [
        Part {
            index: 0,
            part: Message(
                "apple",
            ),
            metadata: {},
        },
        Flush {
            index: 0,
            metadata: {},
        },
        Finished(
            Completed,
        ),
    ],
]
