---
source: crates/jp_test/src/mock.rs
expression: v
---
[
    [
        Part {
            index: 0,
            part: Reasoning(
                "**Acknowledge Test Input**\n\nI've analyzed the input, recognizing \"Test message\" as likely a connection test or placeholder. My focus is now on acknowledging this test appropriately. I am aiming to offer a concise response that confirms the connection without making assumptions about the user's intent. The goal is a neutral but positive response.\n\n\n",
            ),
            metadata: {},
        },
        Flush {
            index: 0,
            metadata: {},
        },
        Part {
            index: 1,
            part: Message(
                "Message received! How can I help you today?",
            ),
            metadata: {},
        },
        Flush {
            index: 1,
            metadata: {},
        },
        Finished(
            Completed,
        ),
    ],
]
