---
source: crates/jp_test/src/mock.rs
expression: v
---
[
    [
        Part {
            index: 0,
            event: ConversationEvent {
                timestamp: 2020-01-01 0:00:00.0 +00,
                kind: ChatResponse(
                    Reasoning {
                        reasoning: "**Acknowledge and Prepare**\n\nI've received the test message. I understand this is likely a functionality check. I'm ready to proceed and offer assistance. How can I help?\n\n\n",
                    },
                ),
                metadata: {},
            },
        },
        Part {
            index: 0,
            event: ConversationEvent {
                timestamp: 2020-01-01 0:00:00.0 +00,
                kind: ChatResponse(
                    Reasoning {
                        reasoning: "**Processing Initial Input**\n\nI've analyzed the \"Test message\" and believe it's a systems check. My response aims to be clear, acknowledging the test, while offering immediate assistance. I selected \"Test message received! I'm here and ready. What can I help you with today?\" as my initial response, prioritizing clarity and a prompt for user interaction.\n\n\n",
                    },
                ),
                metadata: {},
            },
        },
        Flush {
            index: 0,
            metadata: {},
        },
        Part {
            index: 1,
            event: ConversationEvent {
                timestamp: 2020-01-01 0:00:00.0 +00,
                kind: ChatResponse(
                    Message {
                        message: "Test message received! I'm here and ready. What can I help you with today?",
                    },
                ),
                metadata: {},
            },
        },
        Flush {
            index: 1,
            metadata: {},
        },
        Finished(
            Completed,
        ),
    ],
]
