---
source: crates/jp_test/src/mock.rs
expression: v
---
[
    [
        Flushed(
            ConversationEvent {
                timestamp: 2020-01-01 0:00:00.0 +00,
                kind: ChatResponse(
                    Reasoning {
                        reasoning: "**Acknowledge Test Input**\n\nI've analyzed the input, recognizing \"Test message\" as likely a connection test or placeholder. My focus is now on acknowledging this test appropriately. I am aiming to offer a concise response that confirms the connection without making assumptions about the user's intent. The goal is a neutral but positive response.\n\n\n",
                    },
                ),
                metadata: {},
            },
        ),
        Flushed(
            ConversationEvent {
                timestamp: 2020-01-01 0:00:00.0 +00,
                kind: ChatResponse(
                    Message {
                        message: "Message received! How can I help you today?",
                    },
                ),
                metadata: {},
            },
        ),
        Finished(
            Completed,
        ),
    ],
]
