---
source: crates/jp_test/src/mock.rs
expression: v
---
[
    ModelDetails {
        id: ModelIdConfig {
            provider: Llamacpp,
            name: Name(
                "unsloth_Qwen3-8B-GGUF_Qwen3-8B-Q4_K_M.gguf",
            ),
        },
        display_name: None,
        context_window: None,
        max_output_tokens: None,
        reasoning: None,
        knowledge_cutoff: None,
        deprecated: None,
        features: [],
    },
]
