---
source: crates/jp_test/src/mock.rs
expression: v
---
[
    [
        Flush {
            index: 0,
            metadata: {},
        },
        Part {
            index: 2,
            part: ToolCall(
                Start {
                    id: "ugYzpYrAdrXYCq64CUePmIvTG8oJwCZZ",
                    name: "run_me",
                },
            ),
            metadata: {},
        },
        Part {
            index: 2,
            part: ToolCall(
                ArgumentChunk(
                    "{",
                ),
            ),
            metadata: {},
        },
        Part {
            index: 2,
            part: ToolCall(
                ArgumentChunk(
                    "\"foo\":\"",
                ),
            ),
            metadata: {},
        },
        Part {
            index: 2,
            part: ToolCall(
                ArgumentChunk(
                    "hello",
                ),
            ),
            metadata: {},
        },
        Part {
            index: 2,
            part: ToolCall(
                ArgumentChunk(
                    "\"",
                ),
            ),
            metadata: {},
        },
        Part {
            index: 2,
            part: ToolCall(
                ArgumentChunk(
                    ",\"bar\":\"",
                ),
            ),
            metadata: {},
        },
        Part {
            index: 2,
            part: ToolCall(
                ArgumentChunk(
                    "[\\\"",
                ),
            ),
            metadata: {},
        },
        Part {
            index: 2,
            part: ToolCall(
                ArgumentChunk(
                    "foo",
                ),
            ),
            metadata: {},
        },
        Part {
            index: 2,
            part: ToolCall(
                ArgumentChunk(
                    "\\\",",
                ),
            ),
            metadata: {},
        },
        Part {
            index: 2,
            part: ToolCall(
                ArgumentChunk(
                    " \\\"",
                ),
            ),
            metadata: {},
        },
        Part {
            index: 2,
            part: ToolCall(
                ArgumentChunk(
                    "bar",
                ),
            ),
            metadata: {},
        },
        Part {
            index: 2,
            part: ToolCall(
                ArgumentChunk(
                    "\\\"]",
                ),
            ),
            metadata: {},
        },
        Part {
            index: 2,
            part: ToolCall(
                ArgumentChunk(
                    "\"",
                ),
            ),
            metadata: {},
        },
        Part {
            index: 2,
            part: ToolCall(
                ArgumentChunk(
                    "}",
                ),
            ),
            metadata: {},
        },
        Flush {
            index: 1,
            metadata: {},
        },
        Flush {
            index: 2,
            metadata: {},
        },
        Finished(
            Completed,
        ),
    ],
    [
        Part {
            index: 1,
            part: Message(
                "Gre",
            ),
            metadata: {},
        },
        Part {
            index: 1,
            part: Message(
                "at! T",
            ),
            metadata: {},
        },
        Part {
            index: 1,
            part: Message(
                "he t",
            ),
            metadata: {},
        },
        Part {
            index: 1,
            part: Message(
                "ool ran succe",
            ),
            metadata: {},
        },
        Part {
            index: 1,
            part: Message(
                "s",
            ),
            metadata: {},
        },
        Part {
            index: 1,
            part: Message(
                "sfu",
            ),
            metadata: {},
        },
        Part {
            index: 1,
            part: Message(
                "lly. I",
            ),
            metadata: {},
        },
        Part {
            index: 1,
            part: Message(
                "s there a",
            ),
            metadata: {},
        },
        Part {
            index: 1,
            part: Message(
                "nything s",
            ),
            metadata: {},
        },
        Part {
            index: 1,
            part: Message(
                "peci",
            ),
            metadata: {},
        },
        Part {
            index: 1,
            part: Message(
                "fi",
            ),
            metadata: {},
        },
        Part {
            index: 1,
            part: Message(
                "c you",
            ),
            metadata: {},
        },
        Part {
            index: 1,
            part: Message(
                "'d ",
            ),
            metadata: {},
        },
        Part {
            index: 1,
            part: Message(
                "like ",
            ),
            metadata: {},
        },
        Part {
            index: 1,
            part: Message(
                "to ",
            ),
            metadata: {},
        },
        Part {
            index: 1,
            part: Message(
                "test or ",
            ),
            metadata: {},
        },
        Part {
            index: 1,
            part: Message(
                "explore ",
            ),
            metadata: {},
        },
        Part {
            index: 1,
            part: Message(
                "f",
            ),
            metadata: {},
        },
        Part {
            index: 1,
            part: Message(
                "urther?",
            ),
            metadata: {},
        },
        Flush {
            index: 0,
            metadata: {},
        },
        Flush {
            index: 1,
            metadata: {},
        },
        Finished(
            Completed,
        ),
    ],
]
