---
source: crates/jp_test/src/mock.rs
expression: v
---
[
    [
        Flushed(
            ConversationEvent {
                timestamp: 2020-01-01 0:00:00.0 +00,
                kind: ChatResponse(
                    Reasoning {
                        reasoning: "The user is asking me to run a tool, but they haven't specified which tool or what arguments they want. Looking at the available function, I have \"run_me\" which takes two required parameters:\n- foo: string or null (default: \"foo\")\n- bar: string or array, must be \"foo\" or \"bar\" (enum)\n\nSince the user said \"whatever arguments you want\", I can choose any valid combination. Let me pick some reasonable values:\n- foo: I'll use \"test\" as a string value\n- bar: I'll use [\"foo\", \"bar\"] as an array with valid enum values\n\nThis should satisfy the requirements while demonstrating the function works.\n",
                    },
                ),
                metadata: {},
            },
        ),
        Flushed(
            ConversationEvent {
                timestamp: 2020-01-01 0:00:00.0 +00,
                kind: ToolCallRequest(
                    ToolCallRequest {
                        id: "n19Zg7uRIClo8uT6BobGdBU6pPoBmbMu",
                        name: "run_me",
                        arguments: {
                            "foo": String("test"),
                            "bar": String("[\"foo\", \"bar\"]"),
                        },
                    },
                ),
                metadata: {},
            },
        ),
        Finished(
            Completed,
        ),
    ],
    [
        Flushed(
            ConversationEvent {
                timestamp: 2020-01-01 0:00:00.0 +00,
                kind: ChatResponse(
                    Message {
                        message: "The tool ran successfully with the provided arguments. The result indicates the operation completed without errors.\n\nIf you'd like to try different arguments or a specific tool, feel free to ask!",
                    },
                ),
                metadata: {},
            },
        ),
        Finished(
            Completed,
        ),
    ],
]
