---
source: crates/jp_test/src/mock.rs
expression: expr
---
Ok(
    ChatCompletion {
        id: "gen-1763647030-yEXrLOkNcchEIFTg9705",
        provider: "Anthropic",
        choices: [
            NonStreaming(
                NonStreamingChoice {
                    finish_reason: Stop,
                    native_finish_reason: "stop",
                    message: NonStreamingMessage {
                        role: "assistant",
                        content: Some(
                            "Here is a haiku for your test:\n\nCarefully tread through,\nThoughtful answers take focus,\nEmbrace the journey.",
                        ),
                        reasoning: None,
                        tool_calls: [],
                    },
                    error: None,
                    index: 0,
                },
            ),
        ],
        created: 2025-11-20 13:57:10.0 +00:00:00,
        model: "anthropic/claude-3-haiku",
        object: ChatCompletion,
        system_fingerprint: None,
        usage: Some(
            Usage {
                completion_tokens: 33,
                completion_tokens_details: None,
                cost: None,
                prompt_tokens: 17,
                prompt_tokens_details: None,
                total_tokens: 50,
            },
        ),
    },
)
