---
source: crates/jp_llm/src/provider/compaction_request_tests.rs
expression: request
---
{
  "model": "gpt-5.6-luna",
  "input": [
    {
      "type": "message",
      "role": "system",
      "content": []
    },
    {
      "type": "message",
      "role": "user",
      "content": "[Summary of previous conversation]"
    },
    {
      "type": "message",
      "role": "assistant",
      "content": "Earlier: the user asked about France's capital and had their notes read."
    },
    {
      "type": "message",
      "role": "user",
      "content": "And of Italy?"
    }
  ],
  "prompt_cache_key": "jp:conversation:1577836800000000",
  "reasoning": {
    "effort": "none",
    "summary": "auto"
  },
  "store": false,
  "tool_choice": "auto",
  "tools": [],
  "truncation": "auto"
}
