---
source: crates/jp_test/src/mock.rs
expression: v
---
[
    [
        Part {
            index: 0,
            part: Message(
                "",
            ),
            metadata: {},
        },
        Part {
            index: 0,
            part: Message(
                "Test",
            ),
            metadata: {},
        },
        Part {
            index: 0,
            part: Message(
                " received",
            ),
            metadata: {},
        },
        Part {
            index: 0,
            part: Message(
                " successfully",
            ),
            metadata: {},
        },
        Part {
            index: 0,
            part: Message(
                ".",
            ),
            metadata: {},
        },
        Flush {
            index: 0,
            metadata: {
                "openai_item_id": String("msg_0cf988f144ed9cc6016ab3b82f27b887d2bebf35e7a6baa359"),
                "openai_phase": String("final_answer"),
            },
        },
        Finished(
            Completed,
        ),
    ],
]
