---
source: crates/jp_test/src/mock.rs
expression: v
---
[
    [
        Part {
            index: 0,
            part: ToolCall(
                Start {
                    id: "call_yHDWZ3ju9GaGhZkaZxeyY20Z",
                    name: "run_me",
                    decoding: Some(
                        ArgumentDecoding {
                            omit_null: [
                                "foo",
                            ],
                            properties: {},
                            items: None,
                        },
                    ),
                },
            ),
            metadata: {},
        },
        Part {
            index: 0,
            part: ToolCall(
                ArgumentChunk(
                    "{\"",
                ),
            ),
            metadata: {},
        },
        Part {
            index: 0,
            part: ToolCall(
                ArgumentChunk(
                    "bar",
                ),
            ),
            metadata: {},
        },
        Part {
            index: 0,
            part: ToolCall(
                ArgumentChunk(
                    "\":\"",
                ),
            ),
            metadata: {},
        },
        Part {
            index: 0,
            part: ToolCall(
                ArgumentChunk(
                    "foo",
                ),
            ),
            metadata: {},
        },
        Part {
            index: 0,
            part: ToolCall(
                ArgumentChunk(
                    "\",\"",
                ),
            ),
            metadata: {},
        },
        Part {
            index: 0,
            part: ToolCall(
                ArgumentChunk(
                    "foo",
                ),
            ),
            metadata: {},
        },
        Part {
            index: 0,
            part: ToolCall(
                ArgumentChunk(
                    "\":",
                ),
            ),
            metadata: {},
        },
        Part {
            index: 0,
            part: ToolCall(
                ArgumentChunk(
                    "null",
                ),
            ),
            metadata: {},
        },
        Part {
            index: 0,
            part: ToolCall(
                ArgumentChunk(
                    "}",
                ),
            ),
            metadata: {},
        },
        Flush {
            index: 0,
            metadata: {},
        },
        Finished(
            Completed,
        ),
    ],
    [
        Part {
            index: 0,
            part: Message(
                "",
            ),
            metadata: {},
        },
        Part {
            index: 0,
            part: Message(
                "The",
            ),
            metadata: {},
        },
        Part {
            index: 0,
            part: Message(
                " tool",
            ),
            metadata: {},
        },
        Part {
            index: 0,
            part: Message(
                " ran",
            ),
            metadata: {},
        },
        Part {
            index: 0,
            part: Message(
                " successfully",
            ),
            metadata: {},
        },
        Part {
            index: 0,
            part: Message(
                ".",
            ),
            metadata: {},
        },
        Flush {
            index: 0,
            metadata: {
                "openai_item_id": String("msg_0918ab3a10b6968b016ab3b832a10487d29d8d5ea9c4e8f593"),
                "openai_phase": String("final_answer"),
            },
        },
        Finished(
            Completed,
        ),
    ],
]
