---
source: crates/jp_test/src/mock.rs
expression: v
---
[
    [
        Part {
            index: 0,
            part: Reasoning(
                "We just need to respond.",
            ),
            metadata: {},
        },
        Flush {
            index: 0,
            metadata: {},
        },
        Part {
            index: 1,
            part: Message(
                "Got it! Your test message",
            ),
            metadata: {},
        },
        Part {
            index: 1,
            part: Message(
                " came through loud and clear. How can",
            ),
            metadata: {},
        },
        Part {
            index: 1,
            part: Message(
                " I help you today?",
            ),
            metadata: {},
        },
        Flush {
            index: 1,
            metadata: {},
        },
        Finished(
            Completed,
        ),
    ],
]
