---
source: crates/jp_test/src/mock.rs
expression: v
---
[
    [
        Part {
            index: 0,
            part: Reasoning(
                "The",
            ),
            metadata: {},
        },
        Part {
            index: 0,
            part: Reasoning(
                " user asks to run the tool, providing whatever arguments we want",
            ),
            metadata: {},
        },
        Part {
            index: 0,
            part: Reasoning(
                ". The tool is run_me defined with",
            ),
            metadata: {},
        },
        Part {
            index: 0,
            part: Reasoning(
                " parameters foo?: string default \"",
            ),
            metadata: {},
        },
        Part {
            index: 0,
            part: Reasoning(
                "foo\", and bar: string | array (required).",
            ),
            metadata: {},
        },
        Part {
            index: 0,
            part: Reasoning(
                " We can choose arguments. Let's call run",
            ),
            metadata: {},
        },
        Part {
            index: 0,
            part: Reasoning(
                "_me with maybe bar:",
            ),
            metadata: {},
        },
        Part {
            index: 0,
            part: Reasoning(
                " \"test\". No foo needed.",
            ),
            metadata: {},
        },
        Part {
            index: 0,
            part: Reasoning(
                " Use default.",
            ),
            metadata: {},
        },
        Flush {
            index: 0,
            metadata: {},
        },
        Part {
            index: 2,
            part: ToolCall(
                Start {
                    id: "dfd5fc767",
                    name: "run_me",
                },
            ),
            metadata: {},
        },
        Part {
            index: 2,
            part: ToolCall(
                ArgumentChunk(
                    "",
                ),
            ),
            metadata: {},
        },
        Part {
            index: 2,
            part: ToolCall(
                ArgumentChunk(
                    "{\"bar",
                ),
            ),
            metadata: {},
        },
        Part {
            index: 2,
            part: ToolCall(
                ArgumentChunk(
                    "\":\"test\"}",
                ),
            ),
            metadata: {},
        },
        Flush {
            index: 1,
            metadata: {},
        },
        Flush {
            index: 2,
            metadata: {},
        },
        Finished(
            Completed,
        ),
    ],
    [
        Part {
            index: 0,
            part: Reasoning(
                "The",
            ),
            metadata: {},
        },
        Part {
            index: 0,
            part: Reasoning(
                " user says: \"Please run the tool, providing whatever arguments you want.\" The tool is \"run",
            ),
            metadata: {},
        },
        Part {
            index: 0,
            part: Reasoning(
                "_me\" which just prints \"",
            ),
            metadata: {},
        },
        Part {
            index: 0,
            part: Reasoning(
                "working!\" regardless of arguments",
            ),
            metadata: {},
        },
        Part {
            index: 0,
            part: Reasoning(
                ". We already called it with",
            ),
            metadata: {},
        },
        Part {
            index: 0,
            part: Reasoning(
                " {\"bar\":\"test\"} and got \"working!\". The user",
            ),
            metadata: {},
        },
        Part {
            index: 0,
            part: Reasoning(
                " wants us to run the tool. Possibly",
            ),
            metadata: {},
        },
        Part {
            index: 0,
            part: Reasoning(
                " they want us to run it with arbitrary arguments",
            ),
            metadata: {},
        },
        Part {
            index: 0,
            part: Reasoning(
                " and show output. We have already",
            ),
            metadata: {},
        },
        Part {
            index: 0,
            part: Reasoning(
                " done it. We might",
            ),
            metadata: {},
        },
        Part {
            index: 0,
            part: Reasoning(
                " ask clarification or provide result",
            ),
            metadata: {},
        },
        Part {
            index: 0,
            part: Reasoning(
                ". Since we already ran the tool",
            ),
            metadata: {},
        },
        Part {
            index: 0,
            part: Reasoning(
                ", we can respond confirming the tool",
            ),
            metadata: {},
        },
        Part {
            index: 0,
            part: Reasoning(
                " ran.\n\nThus respond:",
            ),
            metadata: {},
        },
        Part {
            index: 0,
            part: Reasoning(
                " I ran the tool with sample args",
            ),
            metadata: {},
        },
        Part {
            index: 0,
            part: Reasoning(
                " and got \"working!\". If they want something else",
            ),
            metadata: {},
        },
        Part {
            index: 0,
            part: Reasoning(
                ", they can specify.",
            ),
            metadata: {},
        },
        Flush {
            index: 0,
            metadata: {},
        },
        Part {
            index: 1,
            part: Message(
                "I ran",
            ),
            metadata: {},
        },
        Part {
            index: 1,
            part: Message(
                " the tool (using a sample",
            ),
            metadata: {},
        },
        Part {
            index: 1,
            part: Message(
                " argument\u{202f}`{\"bar\":\"test\"}`) and it returned:\n\n```\nworking!\n``",
            ),
            metadata: {},
        },
        Part {
            index: 1,
            part: Message(
                "`\n\nLet me know if you’d like to try different arguments",
            ),
            metadata: {},
        },
        Part {
            index: 1,
            part: Message(
                " or need anything else!",
            ),
            metadata: {},
        },
        Flush {
            index: 1,
            metadata: {},
        },
        Finished(
            Completed,
        ),
    ],
]
