---
source: crates/jp_test/src/mock.rs
expression: v
---
[
    [
        Part {
            index: 0,
            part: Reasoning(
                "User",
            ),
            metadata: {},
        },
        Part {
            index: 0,
            part: Reasoning(
                " asks to run the tool, providing whatever arguments",
            ),
            metadata: {},
        },
        Part {
            index: 0,
            part: Reasoning(
                ". We have a function `run_me` that",
            ),
            metadata: {},
        },
        Part {
            index: 0,
            part: Reasoning(
                " takes an object with optional foo (default",
            ),
            metadata: {},
        },
        Part {
            index: 0,
            part: Reasoning(
                " \"foo\") and bar: string or array",
            ),
            metadata: {},
        },
        Part {
            index: 0,
            part: Reasoning(
                ". We need to call the function.",
            ),
            metadata: {},
        },
        Part {
            index: 0,
            part: Reasoning(
                " We can decide arguments.",
            ),
            metadata: {},
        },
        Part {
            index: 0,
            part: Reasoning(
                " Maybe provide bar as something. Let's",
            ),
            metadata: {},
        },
        Part {
            index: 0,
            part: Reasoning(
                " call with bar = \"",
            ),
            metadata: {},
        },
        Part {
            index: 0,
            part: Reasoning(
                "test\".",
            ),
            metadata: {},
        },
        Flush {
            index: 0,
            metadata: {},
        },
        Part {
            index: 2,
            part: ToolCall(
                Start {
                    id: "ebed658c3",
                    name: "run_me",
                },
            ),
            metadata: {},
        },
        Part {
            index: 2,
            part: ToolCall(
                ArgumentChunk(
                    "",
                ),
            ),
            metadata: {},
        },
        Part {
            index: 2,
            part: ToolCall(
                ArgumentChunk(
                    "{\"foo\":\"example\",\"",
                ),
            ),
            metadata: {},
        },
        Part {
            index: 2,
            part: ToolCall(
                ArgumentChunk(
                    "bar\":\"test\"}",
                ),
            ),
            metadata: {},
        },
        Flush {
            index: 1,
            metadata: {},
        },
        Flush {
            index: 2,
            metadata: {},
        },
        Finished(
            Completed,
        ),
    ],
    [
        Part {
            index: 0,
            part: Reasoning(
                "The",
            ),
            metadata: {},
        },
        Part {
            index: 0,
            part: Reasoning(
                " user asks: \"Please run the tool, providing whatever arguments",
            ),
            metadata: {},
        },
        Part {
            index: 0,
            part: Reasoning(
                " you want.\" The tool",
            ),
            metadata: {},
        },
        Part {
            index: 0,
            part: Reasoning(
                " is a \"commentary",
            ),
            metadata: {},
        },
        Part {
            index: 0,
            part: Reasoning(
                "\" function that seems to just accept",
            ),
            metadata: {},
        },
        Part {
            index: 0,
            part: Reasoning(
                " any arguments and returns \"",
            ),
            metadata: {},
        },
        Part {
            index: 0,
            part: Reasoning(
                "working!\". The user wants",
            ),
            metadata: {},
        },
        Part {
            index: 0,
            part: Reasoning(
                " us to run the tool",
            ),
            metadata: {},
        },
        Part {
            index: 0,
            part: Reasoning(
                ", providing whatever arguments",
            ),
            metadata: {},
        },
        Part {
            index: 0,
            part: Reasoning(
                " we want. We can",
            ),
            metadata: {},
        },
        Part {
            index: 0,
            part: Reasoning(
                " do that. We",
            ),
            metadata: {},
        },
        Part {
            index: 0,
            part: Reasoning(
                " already called the tool with {\"foo",
            ),
            metadata: {},
        },
        Part {
            index: 0,
            part: Reasoning(
                "\":\"example\",\"bar\":\"",
            ),
            metadata: {},
        },
        Part {
            index: 0,
            part: Reasoning(
                "test\"}, got a response \"",
            ),
            metadata: {},
        },
        Part {
            index: 0,
            part: Reasoning(
                "working!\". We should respond",
            ),
            metadata: {},
        },
        Part {
            index: 0,
            part: Reasoning(
                " to",
            ),
            metadata: {},
        },
        Part {
            index: 0,
            part: Reasoning(
                " user that",
            ),
            metadata: {},
        },
        Part {
            index: 0,
            part: Reasoning(
                " we ran the tool.",
            ),
            metadata: {},
        },
        Part {
            index: 0,
            part: Reasoning(
                " But perhaps they want us",
            ),
            metadata: {},
        },
        Part {
            index: 0,
            part: Reasoning(
                " to run again with different arguments",
            ),
            metadata: {},
        },
        Part {
            index: 0,
            part: Reasoning(
                ". We can run the",
            ),
            metadata: {},
        },
        Part {
            index: 0,
            part: Reasoning(
                " tool again with some arguments",
            ),
            metadata: {},
        },
        Part {
            index: 0,
            part: Reasoning(
                ". Or respond that the",
            ),
            metadata: {},
        },
        Part {
            index: 0,
            part: Reasoning(
                " tool was executed. The",
            ),
            metadata: {},
        },
        Part {
            index: 0,
            part: Reasoning(
                " instruction: \"Please run",
            ),
            metadata: {},
        },
        Part {
            index: 0,
            part: Reasoning(
                " the tool, providing whatever arguments you",
            ),
            metadata: {},
        },
        Part {
            index: 0,
            part: Reasoning(
                " want.\" So we should",
            ),
            metadata: {},
        },
        Part {
            index: 0,
            part: Reasoning(
                " actually run the tool. We",
            ),
            metadata: {},
        },
        Part {
            index: 0,
            part: Reasoning(
                " already executed with some arguments",
            ),
            metadata: {},
        },
        Part {
            index: 0,
            part: Reasoning(
                " and got \"working!\".",
            ),
            metadata: {},
        },
        Part {
            index: 0,
            part: Reasoning(
                " Possibly we need to",
            ),
            metadata: {},
        },
        Part {
            index: 0,
            part: Reasoning(
                " show that. Let's run again",
            ),
            metadata: {},
        },
        Part {
            index: 0,
            part: Reasoning(
                " with other arguments.",
            ),
            metadata: {},
        },
        Flush {
            index: 0,
            metadata: {},
        },
        Part {
            index: 1,
            part: Message(
                "{\"action\":\"run",
            ),
            metadata: {},
        },
        Part {
            index: 1,
            part: Message(
                "\",\"parameters\":{\"hello\":\"",
            ),
            metadata: {},
        },
        Part {
            index: 1,
            part: Message(
                "world\",\"number\":42",
            ),
            metadata: {},
        },
        Part {
            index: 1,
            part: Message(
                "}}",
            ),
            metadata: {},
        },
        Part {
            index: 1,
            part: Message(
                "I’ve run",
            ),
            metadata: {},
        },
        Part {
            index: 1,
            part: Message(
                " the tool",
            ),
            metadata: {},
        },
        Part {
            index: 1,
            part: Message(
                " with some example arguments. The tool responded",
            ),
            metadata: {},
        },
        Part {
            index: 1,
            part: Message(
                " with:\n\n```\nworking",
            ),
            metadata: {},
        },
        Part {
            index: 1,
            part: Message(
                "!\n```\n\nIf you",
            ),
            metadata: {},
        },
        Part {
            index: 1,
            part: Message(
                "’d like the tool to be",
            ),
            metadata: {},
        },
        Part {
            index: 1,
            part: Message(
                " called with specific parameters or",
            ),
            metadata: {},
        },
        Part {
            index: 1,
            part: Message(
                " need further assistance, just",
            ),
            metadata: {},
        },
        Part {
            index: 1,
            part: Message(
                " let me know!",
            ),
            metadata: {},
        },
        Flush {
            index: 1,
            metadata: {},
        },
        Finished(
            Completed,
        ),
    ],
]
