---
source: crates/jp_test/src/mock.rs
expression: v
---
[
    [
        Flushed(
            ConversationEvent {
                timestamp: 2020-01-01 0:00:00.0 +00,
                kind: ChatResponse(
                    Reasoning {
                        reasoning: "We need to call the tool run_me. The user says \"Please run the tool, providing whatever arguments you want.\" So we can choose any arguments. Perhaps foo default \"foo\", bar must be string or array. Let's call with bar as an array e.g. [1,2,3] or string. Let's use bar: \"test\". We'll call function.",
                    },
                ),
                metadata: {},
            },
        ),
        Flushed(
            ConversationEvent {
                timestamp: 2020-01-01 0:00:00.0 +00,
                kind: ToolCallRequest(
                    ToolCallRequest {
                        id: "8d6d4c473",
                        name: "run_me",
                        arguments: {
                            "bar": String("test"),
                        },
                    },
                ),
                metadata: {},
            },
        ),
        Finished(
            Completed,
        ),
    ],
    [
        Flushed(
            ConversationEvent {
                timestamp: 2020-01-01 0:00:00.0 +00,
                kind: ChatResponse(
                    Reasoning {
                        reasoning: "The user asks \"Please run the tool, providing whatever arguments you want.\"\n\nWe already executed tool \"commentary\" with {\"bar\":\"test\"} and got \"working!\" So we responded with the tool output.\n\nNow we need to respond to user.\n\nWe already used tool, they may want us to provide the result? We gave result: \"working!\"\n\nNow we should respond appropriately. Probably acknowledge the tool ran successfully. Since the user asked to run the tool with whatever arguments we want, we did that; we can inform them of the result.\n\nThus final answer: \"I ran the tool with arguments {...} and here's the output: working!\"",
                    },
                ),
                metadata: {},
            },
        ),
        Flushed(
            ConversationEvent {
                timestamp: 2020-01-01 0:00:00.0 +00,
                kind: ChatResponse(
                    Message {
                        message: "I ran the tool with a sample argument (`{\"bar\":\"test\"}`) and the tool responded with:\n\n**working!**",
                    },
                ),
                metadata: {},
            },
        ),
        Finished(
            Completed,
        ),
    ],
]
