---
source: crates/jp_test/src/mock.rs
expression: v
---
[
    [
        Flushed(
            ConversationEvent {
                timestamp: 2020-01-01 0:00:00.0 +00,
                kind: ChatResponse(
                    Reasoning {
                        reasoning: "The user asks to run the tool, providing whatever arguments we want. The tool is run_me defined with parameters foo?: string default \"foo\", and bar: string | array (required). We can choose arguments. Let's call run_me with maybe bar: \"test\". No foo needed. Use default.",
                    },
                ),
                metadata: {},
            },
        ),
        Flushed(
            ConversationEvent {
                timestamp: 2020-01-01 0:00:00.0 +00,
                kind: ToolCallRequest(
                    ToolCallRequest {
                        id: "dfd5fc767",
                        name: "run_me",
                        arguments: {
                            "bar": String("test"),
                        },
                    },
                ),
                metadata: {},
            },
        ),
        Finished(
            Completed,
        ),
    ],
    [
        Flushed(
            ConversationEvent {
                timestamp: 2020-01-01 0:00:00.0 +00,
                kind: ChatResponse(
                    Reasoning {
                        reasoning: "The user says: \"Please run the tool, providing whatever arguments you want.\" The tool is \"run_me\" which just prints \"working!\" regardless of arguments. We already called it with {\"bar\":\"test\"} and got \"working!\". The user wants us to run the tool. Possibly they want us to run it with arbitrary arguments and show output. We have already done it. We might ask clarification or provide result. Since we already ran the tool, we can respond confirming the tool ran.\n\nThus respond: I ran the tool with sample args and got \"working!\". If they want something else, they can specify.",
                    },
                ),
                metadata: {},
            },
        ),
        Flushed(
            ConversationEvent {
                timestamp: 2020-01-01 0:00:00.0 +00,
                kind: ChatResponse(
                    Message {
                        message: "I ran the tool (using a sample argument\u{202f}`{\"bar\":\"test\"}`) and it returned:\n\n```\nworking!\n```\n\nLet me know if you’d like to try different arguments or need anything else!",
                    },
                ),
                metadata: {},
            },
        ),
        Finished(
            Completed,
        ),
    ],
]
