---
source: crates/jp_test/src/mock.rs
expression: v
---
[
    [
        Part {
            index: 0,
            part: Reasoning(
                "",
            ),
            metadata: {},
        },
        KeepAlive,
        Part {
            index: 0,
            part: Reasoning(
                "4",
            ),
            metadata: {},
        },
        Part {
            index: 0,
            part: Reasoning(
                "",
            ),
            metadata: {},
        },
        Part {
            index: 0,
            part: Reasoning(
                "",
            ),
            metadata: {
                "anthropic_thinking_signature": String("EvUBCpABCBEYAipA6OcNwXDhQzNiezLCCsYFH7m2vTacA2r7rKLZzXrD3mWu2p2WUUI69DQ/2OE/ZIEIG0c+IqWPPw4qKBQ+T7cLwjIPY2xhdWRlLW9wdXMtNC02OABCCHRoaW5raW5nWiRiMTRkMTM3ZC1mNTEyLTQzMDktOTc0ZC0zZmYxMzJhZjE1NjKoAfbaodQGEgwEn5Y4LfpJxr0PFfwaDOkyt1eYduNJsOQLsyIwar05Xr1I5hYHwPQSb0t5wa6UF6+eFFYuaP9KTkaaAkNQWdQRD0+2xGTNdwZgdVJiKhJLkk9KrycpTeVq+RDD5rPO8pUYAQ=="),
            },
        },
        Flush {
            index: 0,
            metadata: {},
        },
        Part {
            index: 1,
            part: Message(
                "2",
            ),
            metadata: {},
        },
        Part {
            index: 1,
            part: Message(
                " + 2 = **4**.",
            ),
            metadata: {},
        },
        Flush {
            index: 1,
            metadata: {},
        },
        Finished(
            Completed,
        ),
    ],
]
