---
source: crates/jp_test/src/mock.rs
expression: v
---
[
    [
        Flushed(
            ConversationEvent {
                timestamp: 2020-01-01 0:00:00.0 +00,
                kind: ChatResponse(
                    Reasoning {
                        reasoning: "4",
                    },
                ),
                metadata: {
                    "anthropic_thinking_signature": String("EvUBCpABCBEYAipA6OcNwXDhQzNiezLCCsYFH7m2vTacA2r7rKLZzXrD3mWu2p2WUUI69DQ/2OE/ZIEIG0c+IqWPPw4qKBQ+T7cLwjIPY2xhdWRlLW9wdXMtNC02OABCCHRoaW5raW5nWiRiMTRkMTM3ZC1mNTEyLTQzMDktOTc0ZC0zZmYxMzJhZjE1NjKoAfbaodQGEgwEn5Y4LfpJxr0PFfwaDOkyt1eYduNJsOQLsyIwar05Xr1I5hYHwPQSb0t5wa6UF6+eFFYuaP9KTkaaAkNQWdQRD0+2xGTNdwZgdVJiKhJLkk9KrycpTeVq+RDD5rPO8pUYAQ=="),
                },
            },
        ),
        Flushed(
            ConversationEvent {
                timestamp: 2020-01-01 0:00:00.0 +00,
                kind: ChatResponse(
                    Message {
                        message: "2 + 2 = **4**.",
                    },
                ),
                metadata: {},
            },
        ),
        Finished(
            Completed,
        ),
    ],
]
