---
source: crates/jp_test/src/mock.rs
expression: v
---
[
    [
        Flushed(
            ConversationEvent {
                timestamp: 2020-01-01 0:00:00.0 +00,
                kind: ChatResponse(
                    Reasoning {
                        reasoning: "The user has sent a simple test message. This is likely to check if I'm working and responding. I should respond in a friendly, helpful way that confirms I'm here and ready to assist.",
                    },
                ),
                metadata: {
                    "anthropic_thinking_signature": String("ErUDCpoBCBEYAipAymyKfFAVLWmqaabERlUWUNszR4cQHmJQcFBqV50RKn7CBc8nplOtT0U8wMVNcpASh2uqbZ65uPQyNopFjZCILzIZY2xhdWRlLWhhaWt1LTQtNS0yMDI1MTAwMTgAQgh0aGlua2luZ1okYjE0ZDEzN2QtZjUxMi00MzA5LTk3NGQtM2ZmMTMyYWYxNTYyqAH52qHUBhIMpTRVKTauRImVRcHBGgz+ubyIAsamRpHeB1ciMPOTce1nt3n3n53GbyCDPUWYxzmygto1Y4WoxuTA1IMkBuLLM45hI+F8jgOUp8pCYCrHARaIliRiMYAWbvofhkjgYYgH+TNn9LwzA2WG8f3YYsN7NrZNDNzV+0F2iemgfqX9tdLB70NkheY+hog5JG/LgSoQIgnJlohTx/jIGPXJEjfIgMc12IwOymxy2SBl1LnlFlpNHXwYPB7kn6UZh6tQSGwYMd4aotAsTpCyGb58tnyVGLBR6AfxhwYkIP2h6+Nnh/ST+nf00tbheGIRGM9hiTwBD3GE+C7yU7Vg/Y1EJbyebpIu7aWJedoL0HsnGT1z09YFa72VPCcYAQ=="),
                },
            },
        ),
        Flushed(
            ConversationEvent {
                timestamp: 2020-01-01 0:00:00.0 +00,
                kind: ChatResponse(
                    Message {
                        message: "Hello! I'm here and ready to help. How can I assist you today?",
                    },
                ),
                metadata: {},
            },
        ),
        Finished(
            Completed,
        ),
    ],
]
