---
source: crates/jp_test/src/mock.rs
expression: v
---
[
    [
        Flushed(
            ConversationEvent {
                timestamp: 2020-01-01 0:00:00.0 +00,
                kind: ChatResponse(
                    Reasoning {
                        reasoning: "The user is asking a simple math question.",
                    },
                ),
                metadata: {
                    "anthropic_thinking_signature": String("EtIBCkYICxgCKkBN5NJqJIeLCiAqkfpaWfsOkN1BR8OlbxUPrnJrvLg2wpB10LFEOdpBuDkqar3RoqRqnYDw3tWf0d8v3vqOZ741EgwcFNxoO4XttUTOs30aDJBSCDDS7MM12o/tKCIwBEsXqD98nDRhYwdqykW1nRvRO0gtiT6Yg+id8XgwgBQs8DazQhyqToQh4DH0UmbNKjo922mzjOT81xiWsuXze5CXHpy08TzdpvwPHvlL9yryWwGrvKWOr2fG6I8AgmWs9UQaVX0wUhy5jtpCGAE="),
                },
            },
        ),
        Flushed(
            ConversationEvent {
                timestamp: 2020-01-01 0:00:00.0 +00,
                kind: ChatResponse(
                    Message {
                        message: "2 + 2 = **4**.",
                    },
                ),
                metadata: {},
            },
        ),
        Finished(
            Completed,
        ),
    ],
]
