---
source: crates/jp_test/src/mock.rs
expression: v
---
[
    [
        Part {
            index: 0,
            part: ToolCall(
                Start {
                    id: "toolu_019hRf3U5xzJoV7ufpEPgXT2",
                    name: "run_me",
                },
            ),
            metadata: {},
        },
        KeepAlive,
        Part {
            index: 0,
            part: ToolCall(
                ArgumentChunk(
                    "",
                ),
            ),
            metadata: {},
        },
        Part {
            index: 0,
            part: ToolCall(
                ArgumentChunk(
                    "{\"bar\": ",
                ),
            ),
            metadata: {},
        },
        Part {
            index: 0,
            part: ToolCall(
                ArgumentChunk(
                    "\"foo\"}",
                ),
            ),
            metadata: {},
        },
        Flush {
            index: 0,
            metadata: {},
        },
        Finished(
            Completed,
        ),
    ],
    [
        KeepAlive,
        Part {
            index: 0,
            part: Message(
                "Great",
            ),
            metadata: {},
        },
        Part {
            index: 0,
            part: Message(
                "! The tool ran successfully with the argument `bar=\"foo\"` and returned the result \"working!\"",
            ),
            metadata: {},
        },
        Flush {
            index: 0,
            metadata: {},
        },
        Finished(
            Completed,
        ),
    ],
]
