---
source: crates/jp_config/src/assistant/instructions.rs
expression: xml
---
<instruction>
  <title>foo</title>
  <description>bar</description>
  <Items>
    <item>foo</item>
    <item>bar &lt;test&gt;bar&lt;/test&gt;</item>
    <item>baz]]&gt; baz</item>
  </Items>
  <examples>
    <simple>foo</simple>
    <detailed>
      <good>bar</good>
      <bad>baz</bad>
      <reason>qux</reason>
    </detailed>
    <detailed>
      <good>quux</good>
      <bad>quuz</bad>
      <reason/>
    </detailed>
  </examples>
</instruction>
