---
source: crates/jp_config/src/assistant/instructions.rs
expression: xml
---
<instruction title="foo">
  <description><![CDATA[bar]]></description>
  <Items>
    <item><![CDATA[foo]]></item>
    <item><![CDATA[bar <test>bar</test>]]></item>
    <item><![CDATA[baz]]]]><![CDATA[> baz]]></item>
  </Items>
  <examples>
    <simple><![CDATA[foo]]></simple>
    <detailed>
      <good><![CDATA[bar]]></good>
      <bad><![CDATA[baz]]></bad>
      <reason><![CDATA[qux]]></reason>
    </detailed>
    <detailed>
      <good><![CDATA[quux]]></good>
      <bad><![CDATA[quuz]]></bad>
      <reason/>
    </detailed>
  </examples>
</instruction>
